<!doctype html public "-//w3c//dtd html 4.0 transitional//en">
<html><head>
<title>Static Call Graph - [.\obj\Eagle1_8_App.axf]</title></head>
<body><HR>
<H1>Static Call Graph for image .\obj\Eagle1_8_App.axf</H1><HR>
<BR><P>#&#060CALLGRAPH&#062# ARM Linker, 5050041: Last Updated: Wed Jul 29 10:36:23 2020
<BR><P>
<H3>Maximum Stack Usage =          0 bytes + Unknown(Cycles, Untraceable Function Pointers)</H3><H3>
Call chain for Maximum Stack Depth:</H3>

<P>
<H3>
Mutually Recursive functions
</H3> <LI><a href="#[2]">NMI_Handler</a>&nbsp;&nbsp;&nbsp;&rArr;&nbsp;&nbsp;&nbsp;<a href="#[2]">NMI_Handler</a><BR>
 <LI><a href="#[3]">HardFault_Handler</a>&nbsp;&nbsp;&nbsp;&rArr;&nbsp;&nbsp;&nbsp;<a href="#[3]">HardFault_Handler</a><BR>
 <LI><a href="#[4]">MemManage_Handler</a>&nbsp;&nbsp;&nbsp;&rArr;&nbsp;&nbsp;&nbsp;<a href="#[4]">MemManage_Handler</a><BR>
 <LI><a href="#[5]">BusFault_Handler</a>&nbsp;&nbsp;&nbsp;&rArr;&nbsp;&nbsp;&nbsp;<a href="#[5]">BusFault_Handler</a><BR>
 <LI><a href="#[6]">UsageFault_Handler</a>&nbsp;&nbsp;&nbsp;&rArr;&nbsp;&nbsp;&nbsp;<a href="#[6]">UsageFault_Handler</a><BR>
 <LI><a href="#[7]">SVC_Handler</a>&nbsp;&nbsp;&nbsp;&rArr;&nbsp;&nbsp;&nbsp;<a href="#[7]">SVC_Handler</a><BR>
 <LI><a href="#[8]">DebugMon_Handler</a>&nbsp;&nbsp;&nbsp;&rArr;&nbsp;&nbsp;&nbsp;<a href="#[8]">DebugMon_Handler</a><BR>
 <LI><a href="#[9]">PendSV_Handler</a>&nbsp;&nbsp;&nbsp;&rArr;&nbsp;&nbsp;&nbsp;<a href="#[9]">PendSV_Handler</a><BR>
 <LI><a href="#[1d]">ADC1_2_IRQHandler</a>&nbsp;&nbsp;&nbsp;&rArr;&nbsp;&nbsp;&nbsp;<a href="#[1d]">ADC1_2_IRQHandler</a><BR>
 <LI><a href="#[464]">WM__InvalidateRectEx</a>&nbsp;&nbsp;&nbsp;&rArr;&nbsp;&nbsp;&nbsp;<a href="#[464]">WM__InvalidateRectEx</a><BR>
 <LI><a href="#[48d]">WM_InvalidateWindowAndDescsEx</a>&nbsp;&nbsp;&nbsp;&rArr;&nbsp;&nbsp;&nbsp;<a href="#[48d]">WM_InvalidateWindowAndDescsEx</a><BR>
 <LI><a href="#[389]">WM__SendMessage</a>&nbsp;&nbsp;&nbsp;&rArr;&nbsp;&nbsp;&nbsp;<a href="#[185]">WM_DefaultProc</a><BR>
 <LI><a href="#[475]">WM__ForEachDesc</a>&nbsp;&nbsp;&nbsp;&rArr;&nbsp;&nbsp;&nbsp;<a href="#[466]">WM_ForEachDesc</a><BR>
 <LI><a href="#[494]">WM_ResizeWindow</a>&nbsp;&nbsp;&nbsp;&rArr;&nbsp;&nbsp;&nbsp;<a href="#[449]">WM__UpdateChildPositions</a><BR>
 <LI><a href="#[4a5]">_MoveDescendents</a>&nbsp;&nbsp;&nbsp;&rArr;&nbsp;&nbsp;&nbsp;<a href="#[4a5]">_MoveDescendents</a><BR>
 <LI><a href="#[51c]">_Findy1</a>&nbsp;&nbsp;&nbsp;&rArr;&nbsp;&nbsp;&nbsp;<a href="#[51c]">_Findy1</a><BR>
 <LI><a href="#[51e]">_Findx1</a>&nbsp;&nbsp;&nbsp;&rArr;&nbsp;&nbsp;&nbsp;<a href="#[51e]">_Findx1</a><BR>
 <LI><a href="#[51d]">_Findx0</a>&nbsp;&nbsp;&nbsp;&rArr;&nbsp;&nbsp;&nbsp;<a href="#[51d]">_Findx0</a><BR>
 <LI><a href="#[476]">_GetDialogItem</a>&nbsp;&nbsp;&nbsp;&rArr;&nbsp;&nbsp;&nbsp;<a href="#[476]">_GetDialogItem</a><BR>
 <LI><a href="#[46d]">_DeleteAllChildren</a>&nbsp;&nbsp;&nbsp;&rArr;&nbsp;&nbsp;&nbsp;<a href="#[14c]">WM_DeleteWindow</a><BR>
 <LI><a href="#[495]">_Screen2hWin</a>&nbsp;&nbsp;&nbsp;&rArr;&nbsp;&nbsp;&nbsp;<a href="#[495]">_Screen2hWin</a><BR>
 <LI><a href="#[4a8]">_PaintTransChildren</a>&nbsp;&nbsp;&nbsp;&rArr;&nbsp;&nbsp;&nbsp;<a href="#[4a8]">_PaintTransChildren</a><BR>
 <LI><a href="#[48c]">WM_InvalidateWindowAndDescs</a>&nbsp;&nbsp;&nbsp;&rArr;&nbsp;&nbsp;&nbsp;<a href="#[48c]">WM_InvalidateWindowAndDescs</a><BR>
</UL>
<P>
<H3>
Function Pointers
</H3><UL>
 <LI><a href="#[1d]">ADC1_2_IRQHandler</a> from startup_stm32f10x_hd.o(.text) referenced from startup_stm32f10x_hd.o(RESET)
 <LI><a href="#[3a]">ADC3_IRQHandler</a> from startup_stm32f10x_hd.o(.text) referenced from startup_stm32f10x_hd.o(RESET)
 <LI><a href="#[4c]">BUTTON_Callback</a> from button.o(i.BUTTON_Callback) referenced from button.o(i.BUTTON_CreateEx)
 <LI><a href="#[5]">BusFault_Handler</a> from startup_stm32f10x_hd.o(.text) referenced from startup_stm32f10x_hd.o(RESET)
 <LI><a href="#[20]">CAN1_RX1_IRQHandler</a> from startup_stm32f10x_hd.o(.text) referenced from startup_stm32f10x_hd.o(RESET)
 <LI><a href="#[21]">CAN1_SCE_IRQHandler</a> from startup_stm32f10x_hd.o(.text) referenced from startup_stm32f10x_hd.o(RESET)
 <LI><a href="#[95]">CW_AutoShutdownTimeConfig_Create</a> from autoshutdowntimewindow.o(i.CW_AutoShutdownTimeConfig_Create) referenced from settingmainwindow.o(.constdata)
 <LI><a href="#[9c]">CW_Calibration_Create</a> from calibrationwindow.o(i.CW_Calibration_Create) referenced from adminwindow.o(.constdata)
 <LI><a href="#[a3]">CW_Debug_Window_Create</a> from debugwindow.o(i.CW_Debug_Window_Create) referenced from adminwindow.o(.constdata)
 <LI><a href="#[98]">CW_HeartRateWindow_Create</a> from heartrate.o(i.CW_HeartRateWindow_Create) referenced from settingmainwindow.o(.constdata)
 <LI><a href="#[9b]">CW_InputNumberWindow_Create</a> from inputnumberwindow.o(i.CW_InputNumberWindow_Create) referenced from settingmainwindow.o(.constdata)
 <LI><a href="#[97]">CW_PrintCopysWindow_Create</a> from printcopys.o(i.CW_PrintCopysWindow_Create) referenced from settingmainwindow.o(.constdata)
 <LI><a href="#[a1]">CW_Sample_Mode_Config_Create</a> from samplemodewindow.o(i.CW_Sample_Mode_Config_Create) referenced from adminwindow.o(.constdata)
 <LI><a href="#[9f]">CW_SetALCUnit_Create</a> from toolsetalcunitswindow.o(i.CW_SetALCUnit_Create) referenced from adminwindow.o(.constdata)
 <LI><a href="#[a0]">CW_SetBlow_Create</a> from toolsetblow.o(i.CW_SetBlow_Create) referenced from adminwindow.o(.constdata)
 <LI><a href="#[96]">CW_SetTime_Create</a> from toolsettimewindow.o(i.CW_SetTime_Create) referenced from settingmainwindow.o(.constdata)
 <LI><a href="#[94]">CW_Setting_BackLight_Create</a> from setting_backlight.o(i.CW_Setting_BackLight_Create) referenced from settingmainwindow.o(.constdata)
 <LI><a href="#[9a]">CW_Setting_SystemInfo_Create</a> from setting_system_info_window.o(i.CW_Setting_SystemInfo_Create) referenced from settingmainwindow.o(.constdata)
 <LI><a href="#[99]">CW_ShowDialog_Create</a> from showdialogwindow.o(i.CW_ShowDialog_Create) referenced 3 times from settingmainwindow.o(.constdata)
 <LI><a href="#[9d]">CW_TestMain_Create</a> from testmainwindow.o(i.CW_TestMain_Create) referenced from adminwindow.o(.constdata)
 <LI><a href="#[a2]">CW_TimeZoneWindow_Create</a> from timezonesetting.o(i.CW_TimeZoneWindow_Create) referenced from adminwindow.o(.constdata)
 <LI><a href="#[9e]">CW_UserManage_Create</a> from usermanagewindow.o(i.CW_UserManage_Create) referenced from adminwindow.o(.constdata)
 <LI><a href="#[16]">DMA1_Channel1_IRQHandler</a> from startup_stm32f10x_hd.o(.text) referenced from startup_stm32f10x_hd.o(RESET)
 <LI><a href="#[17]">DMA1_Channel2_IRQHandler</a> from startup_stm32f10x_hd.o(.text) referenced from startup_stm32f10x_hd.o(RESET)
 <LI><a href="#[18]">DMA1_Channel3_IRQHandler</a> from startup_stm32f10x_hd.o(.text) referenced from startup_stm32f10x_hd.o(RESET)
 <LI><a href="#[19]">DMA1_Channel4_IRQHandler</a> from startup_stm32f10x_hd.o(.text) referenced from startup_stm32f10x_hd.o(RESET)
 <LI><a href="#[1a]">DMA1_Channel5_IRQHandler</a> from startup_stm32f10x_hd.o(.text) referenced from startup_stm32f10x_hd.o(RESET)
 <LI><a href="#[1b]">DMA1_Channel6_IRQHandler</a> from startup_stm32f10x_hd.o(.text) referenced from startup_stm32f10x_hd.o(RESET)
 <LI><a href="#[1c]">DMA1_Channel7_IRQHandler</a> from startup_stm32f10x_hd.o(.text) referenced from startup_stm32f10x_hd.o(RESET)
 <LI><a href="#[43]">DMA2_Channel1_IRQHandler</a> from startup_stm32f10x_hd.o(.text) referenced from startup_stm32f10x_hd.o(RESET)
 <LI><a href="#[44]">DMA2_Channel2_IRQHandler</a> from startup_stm32f10x_hd.o(.text) referenced from startup_stm32f10x_hd.o(RESET)
 <LI><a href="#[45]">DMA2_Channel3_IRQHandler</a> from startup_stm32f10x_hd.o(.text) referenced from startup_stm32f10x_hd.o(RESET)
 <LI><a href="#[46]">DMA2_Channel4_5_IRQHandler</a> from startup_stm32f10x_hd.o(.text) referenced from startup_stm32f10x_hd.o(RESET)
 <LI><a href="#[8]">DebugMon_Handler</a> from startup_stm32f10x_hd.o(.text) referenced from startup_stm32f10x_hd.o(RESET)
 <LI><a href="#[69]">EDIT_Callback</a> from edit.o(i.EDIT_Callback) referenced from edit.o(i.EDIT_CreateEx)
 <LI><a href="#[11]">EXTI0_IRQHandler</a> from startup_stm32f10x_hd.o(.text) referenced from startup_stm32f10x_hd.o(RESET)
 <LI><a href="#[33]">EXTI15_10_IRQHandler</a> from startup_stm32f10x_hd.o(.text) referenced from startup_stm32f10x_hd.o(RESET)
 <LI><a href="#[12]">EXTI1_IRQHandler</a> from startup_stm32f10x_hd.o(.text) referenced from startup_stm32f10x_hd.o(RESET)
 <LI><a href="#[13]">EXTI2_IRQHandler</a> from startup_stm32f10x_hd.o(.text) referenced from startup_stm32f10x_hd.o(RESET)
 <LI><a href="#[14]">EXTI3_IRQHandler</a> from startup_stm32f10x_hd.o(.text) referenced from startup_stm32f10x_hd.o(RESET)
 <LI><a href="#[15]">EXTI4_IRQHandler</a> from startup_stm32f10x_hd.o(.text) referenced from startup_stm32f10x_hd.o(RESET)
 <LI><a href="#[22]">EXTI9_5_IRQHandler</a> from startup_stm32f10x_hd.o(.text) referenced from startup_stm32f10x_hd.o(RESET)
 <LI><a href="#[f]">FLASH_IRQHandler</a> from startup_stm32f10x_hd.o(.text) referenced from startup_stm32f10x_hd.o(RESET)
 <LI><a href="#[3b]">FSMC_IRQHandler</a> from startup_stm32f10x_hd.o(.text) referenced from startup_stm32f10x_hd.o(RESET)
 <LI><a href="#[bb]">GUIMONO_DispChar</a> from guicharm.o(i.GUIMONO_DispChar) referenced from f6x8.o(.constdata)
 <LI><a href="#[bc]">GUIMONO_GetCharDistX</a> from guicharm.o(i.GUIMONO_GetCharDistX) referenced from f6x8.o(.constdata)
 <LI><a href="#[bd]">GUIMONO_GetFontInfo</a> from guicharm.o(i.GUIMONO_GetFontInfo) referenced from f6x8.o(.constdata)
 <LI><a href="#[be]">GUIMONO_IsInFont</a> from guicharm.o(i.GUIMONO_IsInFont) referenced from f6x8.o(.constdata)
 <LI><a href="#[90]">GUIPROP_DispChar</a> from guicharp.o(i.GUIPROP_DispChar) referenced 18 times from songti24.o(.constdata)
 <LI><a href="#[91]">GUIPROP_GetCharDistX</a> from guicharp.o(i.GUIPROP_GetCharDistX) referenced 18 times from songti24.o(.constdata)
 <LI><a href="#[92]">GUIPROP_GetFontInfo</a> from guicharp.o(i.GUIPROP_GetFontInfo) referenced 18 times from songti24.o(.constdata)
 <LI><a href="#[93]">GUIPROP_IsInFont</a> from guicharp.o(i.GUIPROP_IsInFont) referenced 18 times from songti24.o(.constdata)
 <LI><a href="#[bf]">GUI_MEMDEV__Color2Index</a> from guidev.o(i.GUI_MEMDEV__Color2Index) referenced from guidev_16.o(.constdata)
 <LI><a href="#[c1]">GUI_MEMDEV__GetIndexMask</a> from guidev.o(i.GUI_MEMDEV__GetIndexMask) referenced from guidev_16.o(.constdata)
 <LI><a href="#[c7]">GUI_MEMDEV__GetRect</a> from guidev.o(i.GUI_MEMDEV__GetRect) referenced from guidev_16.o(.constdata)
 <LI><a href="#[c0]">GUI_MEMDEV__Index2Color</a> from guidev.o(i.GUI_MEMDEV__Index2Color) referenced from guidev_16.o(.constdata)
 <LI><a href="#[6d]">GUI_TIMER_Exec</a> from guitimer.o(i.GUI_TIMER_Exec) referenced from guitimer.o(i.GUI_TIMER_Create)
 <LI><a href="#[87]">GUI_Timer_Callback</a> from touchcaliwindow.o(i.GUI_Timer_Callback) referenced from touchcaliwindow.o(i._Create)
 <LI><a href="#[88]">GUI_Timer_Debug_Callback</a> from debugwindow.o(i.GUI_Timer_Debug_Callback) referenced from debugwindow.o(i._Create)
 <LI><a href="#[8a]">GUI_Timer_Printer_Callback</a> from printrecordwindow.o(i.GUI_Timer_Printer_Callback) referenced from printrecordwindow.o(i._Create)
 <LI><a href="#[86]">GUI_Timer_ShowDialog_Callback</a> from showdialogwindow.o(i.GUI_Timer_ShowDialog_Callback) referenced from showdialogwindow.o(i._Create)
 <LI><a href="#[89]">GUI_Timer_Temperature_Callback</a> from calibrationwindow.o(i.GUI_Timer_Temperature_Callback) referenced from calibrationwindow.o(i._Create)
 <LI><a href="#[85]">GUI_Timer_Test_Callback</a> from testmainwindow.o(i.GUI_Timer_Test_Callback) referenced from testmainwindow.o(i._Create)
 <LI><a href="#[cb]">GUI_USAGE_BM_AddHLine</a> from guidev_usagebm.o(i.GUI_USAGE_BM_AddHLine) referenced from guidev_usagebm.o(.constdata)
 <LI><a href="#[ca]">GUI_USAGE_BM_AddPixel</a> from guidev_usagebm.o(i.GUI_USAGE_BM_AddPixel) referenced from guidev_usagebm.o(.constdata)
 <LI><a href="#[cc]">GUI_USAGE_BM_Clear</a> from guidev_usagebm.o(i.GUI_USAGE_BM_Clear) referenced from guidev_usagebm.o(.constdata)
 <LI><a href="#[ce]">GUI_USAGE_BM_GetNextDirty</a> from guidev_usagebm.o(i.GUI_USAGE_BM_GetNextDirty) referenced from guidev_usagebm.o(.constdata)
 <LI><a href="#[3]">HardFault_Handler</a> from startup_stm32f10x_hd.o(.text) referenced from startup_stm32f10x_hd.o(RESET)
 <LI><a href="#[2b]">I2C1_ER_IRQHandler</a> from startup_stm32f10x_hd.o(.text) referenced from startup_stm32f10x_hd.o(RESET)
 <LI><a href="#[2a]">I2C1_EV_IRQHandler</a> from startup_stm32f10x_hd.o(.text) referenced from startup_stm32f10x_hd.o(RESET)
 <LI><a href="#[2d]">I2C2_ER_IRQHandler</a> from startup_stm32f10x_hd.o(.text) referenced from startup_stm32f10x_hd.o(RESET)
 <LI><a href="#[2c]">I2C2_EV_IRQHandler</a> from startup_stm32f10x_hd.o(.text) referenced from startup_stm32f10x_hd.o(RESET)
 <LI><a href="#[ac]">LCD_DrawHLine</a> from lcd.o(i.LCD_DrawHLine) referenced from guicore.o(.constdata)
 <LI><a href="#[ad]">LCD_DrawPixel</a> from lcd.o(i.LCD_DrawPixel) referenced from guicore.o(.constdata)
 <LI><a href="#[ae]">LCD_L0_Color2Index</a> from lcd_l0_generic.o(i.LCD_L0_Color2Index) referenced from lcd_api.o(.constdata)
 <LI><a href="#[b1]">LCD_L0_DrawBitmap</a> from lcddriver.o(i.LCD_L0_DrawBitmap) referenced from lcd_api.o(.constdata)
 <LI><a href="#[b2]">LCD_L0_DrawHLine</a> from lcddriver.o(i.LCD_L0_DrawHLine) referenced from lcd_api.o(.constdata)
 <LI><a href="#[b3]">LCD_L0_DrawVLine</a> from lcddriver.o(i.LCD_L0_DrawVLine) referenced from lcd_api.o(.constdata)
 <LI><a href="#[b4]">LCD_L0_FillRect</a> from lcddriver.o(i.LCD_L0_FillRect) referenced from lcd_api.o(.constdata)
 <LI><a href="#[ba]">LCD_L0_GetDevFunc</a> from lcddriver.o(i.LCD_L0_GetDevFunc) referenced from lcd_api.o(.constdata)
 <LI><a href="#[b0]">LCD_L0_GetIndexMask</a> from lcd_l0_generic.o(i.LCD_L0_GetIndexMask) referenced from lcd_api.o(.constdata)
 <LI><a href="#[b5]">LCD_L0_GetPixelIndex</a> from lcddriver.o(i.LCD_L0_GetPixelIndex) referenced from lcd_api.o(.constdata)
 <LI><a href="#[b6]">LCD_L0_GetRect</a> from lcd_l0_generic.o(i.LCD_L0_GetRect) referenced from lcd_api.o(.constdata)
 <LI><a href="#[af]">LCD_L0_Index2Color</a> from lcd_l0_generic.o(i.LCD_L0_Index2Color) referenced from lcd_api.o(.constdata)
 <LI><a href="#[b9]">LCD_L0_SetLUTEntry</a> from lcddriver.o(i.LCD_L0_SetLUTEntry) referenced from lcd_api.o(.constdata)
 <LI><a href="#[b7]">LCD_L0_SetPixelIndex</a> from lcddriver.o(i.LCD_L0_SetPixelIndex) referenced from lcd_api.o(.constdata)
 <LI><a href="#[b8]">LCD_L0_XorPixel</a> from lcddriver.o(i.LCD_L0_XorPixel) referenced from lcd_api.o(.constdata)
 <LI><a href="#[6e]">LISTBOX_Callback</a> from listbox.o(i.LISTBOX_Callback) referenced from listbox.o(i.LISTBOX_CreateEx)
 <LI><a href="#[6f]">MULTIEDIT_Callback</a> from multiedit.o(i.MULTIEDIT_Callback) referenced from multiedit.o(i.MULTIEDIT_CreateEx)
 <LI><a href="#[4]">MemManage_Handler</a> from startup_stm32f10x_hd.o(.text) referenced from startup_stm32f10x_hd.o(RESET)
 <LI><a href="#[2]">NMI_Handler</a> from startup_stm32f10x_hd.o(.text) referenced from startup_stm32f10x_hd.o(RESET)
 <LI><a href="#[70]">PROGBAR_Callback</a> from progbar.o(i.PROGBAR_Callback) referenced from progbar.o(i.PROGBAR_CreateEx)
 <LI><a href="#[c]">PVD_IRQHandler</a> from startup_stm32f10x_hd.o(.text) referenced from startup_stm32f10x_hd.o(RESET)
 <LI><a href="#[9]">PendSV_Handler</a> from startup_stm32f10x_hd.o(.text) referenced from startup_stm32f10x_hd.o(RESET)
 <LI><a href="#[10]">RCC_IRQHandler</a> from startup_stm32f10x_hd.o(.text) referenced from startup_stm32f10x_hd.o(RESET)
 <LI><a href="#[34]">RTCAlarm_IRQHandler</a> from startup_stm32f10x_hd.o(.text) referenced from startup_stm32f10x_hd.o(RESET)
 <LI><a href="#[e]">RTC_IRQHandler</a> from startup_stm32f10x_hd.o(.text) referenced from startup_stm32f10x_hd.o(RESET)
 <LI><a href="#[1]">Reset_Handler</a> from startup_stm32f10x_hd.o(.text) referenced from startup_stm32f10x_hd.o(RESET)
 <LI><a href="#[71]">SCROLLBAR_Callback</a> from scrollbar.o(i.SCROLLBAR_Callback) referenced from scrollbar.o(i.SCROLLBAR_CreateEx)
 <LI><a href="#[3c]">SDIO_IRQHandler</a> from startup_stm32f10x_hd.o(.text) referenced from startup_stm32f10x_hd.o(RESET)
 <LI><a href="#[72]">SLIDER_Callback</a> from slider.o(i.SLIDER_Callback) referenced from slider.o(i.SLIDER_CreateEx)
 <LI><a href="#[2e]">SPI1_IRQHandler</a> from startup_stm32f10x_hd.o(.text) referenced from startup_stm32f10x_hd.o(RESET)
 <LI><a href="#[2f]">SPI2_IRQHandler</a> from startup_stm32f10x_hd.o(.text) referenced from startup_stm32f10x_hd.o(RESET)
 <LI><a href="#[3e]">SPI3_IRQHandler</a> from startup_stm32f10x_hd.o(.text) referenced from startup_stm32f10x_hd.o(RESET)
 <LI><a href="#[7]">SVC_Handler</a> from startup_stm32f10x_hd.o(.text) referenced from startup_stm32f10x_hd.o(RESET)
 <LI><a href="#[a]">SysTick_Handler</a> from system_misc.o(i.SysTick_Handler) referenced from startup_stm32f10x_hd.o(RESET)
 <LI><a href="#[d]">TAMPER_IRQHandler</a> from startup_stm32f10x_hd.o(.text) referenced from startup_stm32f10x_hd.o(RESET)
 <LI><a href="#[73]">TEXT_Callback</a> from text.o(i.TEXT_Callback) referenced from text.o(i.TEXT_CreateEx)
 <LI><a href="#[23]">TIM1_BRK_IRQHandler</a> from startup_stm32f10x_hd.o(.text) referenced from startup_stm32f10x_hd.o(RESET)
 <LI><a href="#[26]">TIM1_CC_IRQHandler</a> from startup_stm32f10x_hd.o(.text) referenced from startup_stm32f10x_hd.o(RESET)
 <LI><a href="#[25]">TIM1_TRG_COM_IRQHandler</a> from startup_stm32f10x_hd.o(.text) referenced from startup_stm32f10x_hd.o(RESET)
 <LI><a href="#[24]">TIM1_UP_IRQHandler</a> from startup_stm32f10x_hd.o(.text) referenced from startup_stm32f10x_hd.o(RESET)
 <LI><a href="#[27]">TIM2_IRQHandler</a> from adc.o(i.TIM2_IRQHandler) referenced from startup_stm32f10x_hd.o(RESET)
 <LI><a href="#[28]">TIM3_IRQHandler</a> from startup_stm32f10x_hd.o(.text) referenced from startup_stm32f10x_hd.o(RESET)
 <LI><a href="#[29]">TIM4_IRQHandler</a> from startup_stm32f10x_hd.o(.text) referenced from startup_stm32f10x_hd.o(RESET)
 <LI><a href="#[3d]">TIM5_IRQHandler</a> from sample.o(i.TIM5_IRQHandler) referenced from startup_stm32f10x_hd.o(RESET)
 <LI><a href="#[41]">TIM6_IRQHandler</a> from startup_stm32f10x_hd.o(.text) referenced from startup_stm32f10x_hd.o(RESET)
 <LI><a href="#[42]">TIM7_IRQHandler</a> from startup_stm32f10x_hd.o(.text) referenced from startup_stm32f10x_hd.o(RESET)
 <LI><a href="#[36]">TIM8_BRK_IRQHandler</a> from startup_stm32f10x_hd.o(.text) referenced from startup_stm32f10x_hd.o(RESET)
 <LI><a href="#[39]">TIM8_CC_IRQHandler</a> from startup_stm32f10x_hd.o(.text) referenced from startup_stm32f10x_hd.o(RESET)
 <LI><a href="#[38]">TIM8_TRG_COM_IRQHandler</a> from startup_stm32f10x_hd.o(.text) referenced from startup_stm32f10x_hd.o(RESET)
 <LI><a href="#[37]">TIM8_UP_IRQHandler</a> from startup_stm32f10x_hd.o(.text) referenced from startup_stm32f10x_hd.o(RESET)
 <LI><a href="#[3f]">UART4_IRQHandler</a> from gprs.o(i.UART4_IRQHandler) referenced from startup_stm32f10x_hd.o(RESET)
 <LI><a href="#[40]">UART5_IRQHandler</a> from startup_stm32f10x_hd.o(.text) referenced from startup_stm32f10x_hd.o(RESET)
 <LI><a href="#[30]">USART1_IRQHandler</a> from uart.o(i.USART1_IRQHandler) referenced from startup_stm32f10x_hd.o(RESET)
 <LI><a href="#[31]">USART2_IRQHandler</a> from gps.o(i.USART2_IRQHandler) referenced from startup_stm32f10x_hd.o(RESET)
 <LI><a href="#[32]">USART3_IRQHandler</a> from printer.o(i.USART3_IRQHandler) referenced from startup_stm32f10x_hd.o(RESET)
 <LI><a href="#[35]">USBWakeUp_IRQHandler</a> from startup_stm32f10x_hd.o(.text) referenced from startup_stm32f10x_hd.o(RESET)
 <LI><a href="#[1e]">USB_HP_CAN1_TX_IRQHandler</a> from startup_stm32f10x_hd.o(.text) referenced from startup_stm32f10x_hd.o(RESET)
 <LI><a href="#[1f]">USB_LP_CAN1_RX0_IRQHandler</a> from startup_stm32f10x_hd.o(.text) referenced from startup_stm32f10x_hd.o(RESET)
 <LI><a href="#[6]">UsageFault_Handler</a> from startup_stm32f10x_hd.o(.text) referenced from startup_stm32f10x_hd.o(RESET)
 <LI><a href="#[d2]">WIDGET_EFFECT_3D_DrawUp</a> from widget_effect_3d.o(i.WIDGET_EFFECT_3D_DrawUp) referenced from widget_effect_3d.o(.constdata)
 <LI><a href="#[6c]">WM_HandlePID</a> from wmtouch.o(i.WM_HandlePID) referenced from gui_pid.o(i.GUI_PID_StoreState)
 <LI><a href="#[b]">WWDG_IRQHandler</a> from startup_stm32f10x_hd.o(.text) referenced from startup_stm32f10x_hd.o(RESET)
 <LI><a href="#[6a]">_AddKeyDec</a> from editdec.o(i._AddKeyDec) referenced from editdec.o(i.EDIT_SetDecMode)
 <LI><a href="#[a6]">_CalcSizeOfChar</a> from gui_uc_encodenone.o(i._CalcSizeOfChar) referenced 2 times from gui_uc_encodenone.o(.constdata)
 <LI><a href="#[81]">_CallBack_Battery</a> from usermainwindow.o(i._CallBack_Battery) referenced from usermainwindow.o(i._Create)
 <LI><a href="#[82]">_CallBack_GPRS</a> from usermainwindow.o(i._CallBack_GPRS) referenced from usermainwindow.o(i._Create)
 <LI><a href="#[83]">_CallBack_GPS</a> from usermainwindow.o(i._CallBack_GPS) referenced from usermainwindow.o(i._Create)
 <LI><a href="#[80]">_CallBack_Header</a> from usermainwindow.o(i._CallBack_Header) referenced from usermainwindow.o(i._Create)
 <LI><a href="#[84]">_CallBack_QuickTest</a> from testmainwindow.o(i._CallBack_QuickTest) referenced from testmainwindow.o(i._Create)
 <LI><a href="#[4d]">_Callback</a> from adminwindow.o(i._Callback) referenced from adminwindow.o(i.CW_Administrator_Create)
 <LI><a href="#[4e]">_Callback</a> from autoshutdowntimewindow.o(i._Callback) referenced from autoshutdowntimewindow.o(i.CW_AutoShutdownTimeConfig_Create)
 <LI><a href="#[4f]">_Callback</a> from calibrationwindow.o(i._Callback) referenced from calibrationwindow.o(i.CW_Calibration_Create)
 <LI><a href="#[50]">_Callback</a> from debugwindow.o(i._Callback) referenced from debugwindow.o(i.CW_Debug_Window_Create)
 <LI><a href="#[51]">_Callback</a> from displayrecordwindow.o(i._Callback) referenced from displayrecordwindow.o(i.CW_DisplayRecordWindow_Create)
 <LI><a href="#[52]">_Callback</a> from heartrate.o(i._Callback) referenced from heartrate.o(i.CW_HeartRateWindow_Create)
 <LI><a href="#[53]">_Callback</a> from inputkeyboard.o(i._Callback) referenced from inputkeyboard.o(i.CW_InputKeyBoard_Create)
 <LI><a href="#[54]">_Callback</a> from inputnumberwindow.o(i._Callback) referenced from inputnumberwindow.o(i.CW_InputNumberWindow_Create)
 <LI><a href="#[55]">_Callback</a> from inputplatenumwindow.o(i._Callback) referenced from inputplatenumwindow.o(i.CW_InputPlateNumWindow_Create)
 <LI><a href="#[56]">_Callback</a> from inputwindow.o(i._Callback) referenced from inputwindow.o(i.CW_InputWindow_Create)
 <LI><a href="#[57]">_Callback</a> from printcopys.o(i._Callback) referenced from printcopys.o(i.CW_PrintCopysWindow_Create)
 <LI><a href="#[58]">_Callback</a> from printrecordwindow.o(i._Callback) referenced from printrecordwindow.o(i.CW_PrintRecordWindow_Create)
 <LI><a href="#[59]">_Callback</a> from samplemodewindow.o(i._Callback) referenced from samplemodewindow.o(i.CW_Sample_Mode_Config_Create)
 <LI><a href="#[5a]">_Callback</a> from selectenrolluser.o(i._Callback) referenced from selectenrolluser.o(i.CW_SelectEnrollUser_Create)
 <LI><a href="#[5b]">_Callback</a> from toolsetalcunitswindow.o(i._Callback) referenced from toolsetalcunitswindow.o(i.CW_SetALCUnit_Create)
 <LI><a href="#[5c]">_Callback</a> from toolsetblow.o(i._Callback) referenced from toolsetblow.o(i.CW_SetBlow_Create)
 <LI><a href="#[5d]">_Callback</a> from toolsettimewindow.o(i._Callback) referenced from toolsettimewindow.o(i.CW_SetTime_Create)
 <LI><a href="#[5e]">_Callback</a> from settingmainwindow.o(i._Callback) referenced from settingmainwindow.o(i.CW_SettingMain_Create)
 <LI><a href="#[5f]">_Callback</a> from setting_backlight_timeout.o(i._Callback) referenced from setting_backlight_timeout.o(i.CW_Setting_BackLightTimeout_Create)
 <LI><a href="#[60]">_Callback</a> from setting_backlight.o(i._Callback) referenced from setting_backlight.o(i.CW_Setting_BackLight_Create)
 <LI><a href="#[61]">_Callback</a> from setting_system_info_window.o(i._Callback) referenced from setting_system_info_window.o(i.CW_Setting_SystemInfo_Create)
 <LI><a href="#[62]">_Callback</a> from showdialogwindow.o(i._Callback) referenced from showdialogwindow.o(i.CW_ShowDialog_Create)
 <LI><a href="#[63]">_Callback</a> from showreportwindow.o(i._Callback) referenced from showreportwindow.o(i.CW_ShowReport_Create)
 <LI><a href="#[64]">_Callback</a> from testmainwindow.o(i._Callback) referenced from testmainwindow.o(i.CW_TestMain_Create)
 <LI><a href="#[65]">_Callback</a> from timezonesetting.o(i._Callback) referenced from timezonesetting.o(i.CW_TimeZoneWindow_Create)
 <LI><a href="#[66]">_Callback</a> from touchcaliwindow.o(i._Callback) referenced from touchcaliwindow.o(i.CW_TouchCalibrate_Create)
 <LI><a href="#[67]">_Callback</a> from usermainwindow.o(i._Callback) referenced from usermainwindow.o(i.CW_UserMain_Create)
 <LI><a href="#[68]">_Callback</a> from usermanagewindow.o(i._Callback) referenced from usermanagewindow.o(i.CW_UserManage_Create)
 <LI><a href="#[7e]">_ConfirmDeleteUserYes</a> from usermanagewindow.o(i._ConfirmDeleteUserYes) referenced from usermanagewindow.o(i._Callback)
 <LI><a href="#[77]">_ConfirmDoTouchCalibrate</a> from settingmainwindow.o(i._ConfirmDoTouchCalibrate) referenced from settingmainwindow.o(i._Callback)
 <LI><a href="#[8c]">_ConfirmNewRegisterNo</a> from usermanagewindow.o(i._ConfirmNewRegisterNo) referenced from usermanagewindow.o(i._Create)
 <LI><a href="#[8b]">_ConfirmNewRegisterYes</a> from usermanagewindow.o(i._ConfirmNewRegisterYes) referenced from usermanagewindow.o(i._Create)
 <LI><a href="#[7a]">_ConfirmRecoveryDefault</a> from calibrationwindow.o(i._ConfirmRecoveryDefault) referenced from calibrationwindow.o(i._Callback)
 <LI><a href="#[8e]">_ConfirmRefuseTest</a> from test.o(i._ConfirmRefuseTest) referenced from test.o(i._WaitBlowing)
 <LI><a href="#[78]">_ConfirmRestorParameter</a> from settingmainwindow.o(i._ConfirmRestorParameter) referenced from settingmainwindow.o(i._Callback)
 <LI><a href="#[8d]">_ConfirmRetryTest</a> from test.o(i._ConfirmRetryTest) referenced from test.o(i._WaitBlowing)
 <LI><a href="#[de]">_DispLine</a> from unicodeex.o(i._DispLine) referenced from unicodeex.o(.constdata)
 <LI><a href="#[c2]">_DrawBitmap</a> from guidev_16.o(i._DrawBitmap) referenced 2 times from guidev_16.o(.constdata)
 <LI><a href="#[c3]">_DrawHLine</a> from guidev_16.o(i._DrawHLine) referenced from guidev_16.o(.constdata)
 <LI><a href="#[c4]">_DrawVLine</a> from guidev_16.o(i._DrawVLine) referenced from guidev_16.o(.constdata)
 <LI><a href="#[a7]">_Encode</a> from gui_uc_encodenone.o(i._Encode) referenced 2 times from gui_uc_encodenone.o(.constdata)
 <LI><a href="#[c5]">_FillRect</a> from guidev_16.o(i._FillRect) referenced from guidev_16.o(.constdata)
 <LI><a href="#[cd]">_GUI_USAGE_BM_Delete</a> from guidev_usagebm.o(i._GUI_USAGE_BM_Delete) referenced from guidev_usagebm.o(.constdata)
 <LI><a href="#[a4]">_GetCharCode</a> from gui_uc_encodenone.o(i._GetCharCode) referenced 2 times from gui_uc_encodenone.o(.constdata)
 <LI><a href="#[a5]">_GetCharSize</a> from gui_uc_encodenone.o(i._GetCharSize) referenced 2 times from gui_uc_encodenone.o(.constdata)
 <LI><a href="#[dc]">_GetLineDistX</a> from unicodeex.o(i._GetLineDistX) referenced from unicodeex.o(.constdata)
 <LI><a href="#[dd]">_GetLineLen</a> from unicodeex.o(i._GetLineLen) referenced from unicodeex.o(.constdata)
 <LI><a href="#[c6]">_GetPixelIndex</a> from guidev_16.o(i._GetPixelIndex) referenced from guidev_16.o(.constdata)
 <LI><a href="#[d0]">_GetXSize</a> from gui_draw_bitmap.o(i._GetXSize) referenced from gui_draw_bitmap.o(.constdata)
 <LI><a href="#[d1]">_GetYSize</a> from gui_draw_bitmap.o(i._GetYSize) referenced from gui_draw_bitmap.o(.constdata)
 <LI><a href="#[79]">_PassAdminAuthentication</a> from settingmainwindow.o(i._PassAdminAuthentication) referenced from settingmainwindow.o(i._Callback)
 <LI><a href="#[7f]">_PassAuthentication</a> from selectenrolluser.o(i._PassAuthentication) referenced from selectenrolluser.o(i._Callback)
 <LI><a href="#[c8]">_SetPixelIndex</a> from guidev_16.o(i._SetPixelIndex) referenced from guidev_16.o(.constdata)
 <LI><a href="#[7b]">_StartHighCalibrate</a> from calibrationwindow.o(i._StartHighCalibrate) referenced from calibrationwindow.o(i._Callback)
 <LI><a href="#[7c]">_StartLowCalibrate</a> from calibrationwindow.o(i._StartLowCalibrate) referenced from calibrationwindow.o(i._Callback)
 <LI><a href="#[7d]">_StartQuickTestCalibrate</a> from calibrationwindow.o(i._StartQuickTestCalibrate) referenced from calibrationwindow.o(i._Callback)
 <LI><a href="#[6b]">_UpdateBuffer</a> from editdec.o(i._UpdateBuffer) referenced from editdec.o(i.EDIT_SetDecMode)
 <LI><a href="#[d3]">_WIDGET_EFFECT_3D_DrawDown</a> from widget_effect_3d.o(i._WIDGET_EFFECT_3D_DrawDown) referenced from widget_effect_3d.o(.constdata)
 <LI><a href="#[d5]">_WIDGET_EFFECT_3D_DrawDownRect</a> from widget_effect_3d.o(i._WIDGET_EFFECT_3D_DrawDownRect) referenced from widget_effect_3d.o(.constdata)
 <LI><a href="#[d4]">_WIDGET_EFFECT_3D_DrawUpRect</a> from widget_effect_3d.o(i._WIDGET_EFFECT_3D_DrawUpRect) referenced from widget_effect_3d.o(.constdata)
 <LI><a href="#[d6]">_WIDGET_EFFECT_3D_GetRect</a> from widget_effect_3d.o(i._WIDGET_EFFECT_3D_GetRect) referenced from widget_effect_3d.o(.constdata)
 <LI><a href="#[d8]">_WIDGET_EFFECT_None_DrawDown</a> from widget_effect_none.o(i._WIDGET_EFFECT_None_DrawDown) referenced from widget_effect_none.o(.constdata)
 <LI><a href="#[da]">_WIDGET_EFFECT_None_DrawDownRect</a> from widget_effect_none.o(i._WIDGET_EFFECT_None_DrawDownRect) referenced from widget_effect_none.o(.constdata)
 <LI><a href="#[d7]">_WIDGET_EFFECT_None_DrawUp</a> from widget_effect_none.o(i._WIDGET_EFFECT_None_DrawUp) referenced from widget_effect_none.o(.constdata)
 <LI><a href="#[d9]">_WIDGET_EFFECT_None_DrawUpRect</a> from widget_effect_none.o(i._WIDGET_EFFECT_None_DrawUpRect) referenced from widget_effect_none.o(.constdata)
 <LI><a href="#[db]">_WIDGET_EFFECT_None_GetRect</a> from widget_effect_none.o(i._WIDGET_EFFECT_None_GetRect) referenced from widget_effect_none.o(.constdata)
 <LI><a href="#[c9]">_XorPixel</a> from guidev_16.o(i._XorPixel) referenced from guidev_16.o(.constdata)
 <LI><a href="#[48]">__main</a> from entry.o(.ARM.Collect$$$$00000000) referenced from startup_stm32f10x_hd.o(.text)
 <LI><a href="#[74]">_cbInvalidateOne</a> from wm_bringtotop.o(i._cbInvalidateOne) referenced from wm_bringtotop.o(i.WM_BringToTop)
 <LI><a href="#[76]">_cbPaintMemDev</a> from wm.o(i._cbPaintMemDev) referenced from wm.o(i.WM__Paint)
 <LI><a href="#[4a]">_sbackspace</a> from _sgetc.o(.text) referenced from strtod.o(.text)
 <LI><a href="#[49]">_sgetc</a> from _sgetc.o(.text) referenced from strtod.o(.text)
 <LI><a href="#[8f]">_sputc</a> from printfa.o(i._sputc) referenced from printfa.o(i.__0sprintf)
 <LI><a href="#[8f]">_sputc</a> from printfa.o(i._sputc) referenced from printfa.o(i.__0vsprintf)
 <LI><a href="#[75]">cbBackWin</a> from wm.o(i.cbBackWin) referenced from wm.o(i.WM_Init)
 <LI><a href="#[4b]">isspace</a> from isspace_o.o(.text) referenced from strtod.o(.text)
 <LI><a href="#[47]">main</a> from main.o(i.main) referenced from entry9a.o(.ARM.Collect$$$$0000000B)
</UL>
<P>
<H3>
Global Symbols
</H3>
<P><STRONG><a name="[48]"></a>__main</STRONG> (Thumb, 0 bytes, Stack size 0 bytes, entry.o(.ARM.Collect$$$$00000000))
<BR>[Address Reference Count : 1]<UL><LI> startup_stm32f10x_hd.o(.text)
</UL>
<P><STRONG><a name="[df]"></a>_main_scatterload</STRONG> (Thumb, 0 bytes, Stack size 0 bytes, entry5.o(.ARM.Collect$$$$00000004))
<BR><BR>[Calls]<UL><LI><a href="#[e0]">&gt;&gt;</a>&nbsp;&nbsp;&nbsp;__scatterload
</UL>

<P><STRONG><a name="[108]"></a>__main_after_scatterload</STRONG> (Thumb, 0 bytes, Stack size 0 bytes, entry5.o(.ARM.Collect$$$$00000004))
<BR><BR>[Called By]<UL><LI><a href="#[e0]">&gt;&gt;</a>&nbsp;&nbsp;&nbsp;__scatterload
</UL>

<P><STRONG><a name="[1]"></a>Reset_Handler</STRONG> (Thumb, 4 bytes, Stack size 0 bytes, startup_stm32f10x_hd.o(.text))
<BR>[Address Reference Count : 1]<UL><LI> startup_stm32f10x_hd.o(RESET)
</UL>
<P><STRONG><a name="[2]"></a>NMI_Handler</STRONG> (Thumb, 2 bytes, Stack size 0 bytes, startup_stm32f10x_hd.o(.text))
<BR><BR>[Calls]<UL><LI><a href="#[2]">&gt;&gt;</a>&nbsp;&nbsp;&nbsp;NMI_Handler
</UL>
<BR>[Called By]<UL><LI><a href="#[2]">&gt;&gt;</a>&nbsp;&nbsp;&nbsp;NMI_Handler
</UL>
<BR>[Address Reference Count : 1]<UL><LI> startup_stm32f10x_hd.o(RESET)
</UL>
<P><STRONG><a name="[3]"></a>HardFault_Handler</STRONG> (Thumb, 2 bytes, Stack size 0 bytes, startup_stm32f10x_hd.o(.text))
<BR><BR>[Calls]<UL><LI><a href="#[3]">&gt;&gt;</a>&nbsp;&nbsp;&nbsp;HardFault_Handler
</UL>
<BR>[Called By]<UL><LI><a href="#[3]">&gt;&gt;</a>&nbsp;&nbsp;&nbsp;HardFault_Handler
</UL>
<BR>[Address Reference Count : 1]<UL><LI> startup_stm32f10x_hd.o(RESET)
</UL>
<P><STRONG><a name="[4]"></a>MemManage_Handler</STRONG> (Thumb, 2 bytes, Stack size 0 bytes, startup_stm32f10x_hd.o(.text))
<BR><BR>[Calls]<UL><LI><a href="#[4]">&gt;&gt;</a>&nbsp;&nbsp;&nbsp;MemManage_Handler
</UL>
<BR>[Called By]<UL><LI><a href="#[4]">&gt;&gt;</a>&nbsp;&nbsp;&nbsp;MemManage_Handler
</UL>
<BR>[Address Reference Count : 1]<UL><LI> startup_stm32f10x_hd.o(RESET)
</UL>
<P><STRONG><a name="[5]"></a>BusFault_Handler</STRONG> (Thumb, 2 bytes, Stack size 0 bytes, startup_stm32f10x_hd.o(.text))
<BR><BR>[Calls]<UL><LI><a href="#[5]">&gt;&gt;</a>&nbsp;&nbsp;&nbsp;BusFault_Handler
</UL>
<BR>[Called By]<UL><LI><a href="#[5]">&gt;&gt;</a>&nbsp;&nbsp;&nbsp;BusFault_Handler
</UL>
<BR>[Address Reference Count : 1]<UL><LI> startup_stm32f10x_hd.o(RESET)
</UL>
<P><STRONG><a name="[6]"></a>UsageFault_Handler</STRONG> (Thumb, 2 bytes, Stack size 0 bytes, startup_stm32f10x_hd.o(.text))
<BR><BR>[Calls]<UL><LI><a href="#[6]">&gt;&gt;</a>&nbsp;&nbsp;&nbsp;UsageFault_Handler
</UL>
<BR>[Called By]<UL><LI><a href="#[6]">&gt;&gt;</a>&nbsp;&nbsp;&nbsp;UsageFault_Handler
</UL>
<BR>[Address Reference Count : 1]<UL><LI> startup_stm32f10x_hd.o(RESET)
</UL>
<P><STRONG><a name="[7]"></a>SVC_Handler</STRONG> (Thumb, 2 bytes, Stack size 0 bytes, startup_stm32f10x_hd.o(.text))
<BR><BR>[Calls]<UL><LI><a href="#[7]">&gt;&gt;</a>&nbsp;&nbsp;&nbsp;SVC_Handler
</UL>
<BR>[Called By]<UL><LI><a href="#[7]">&gt;&gt;</a>&nbsp;&nbsp;&nbsp;SVC_Handler
</UL>
<BR>[Address Reference Count : 1]<UL><LI> startup_stm32f10x_hd.o(RESET)
</UL>
<P><STRONG><a name="[8]"></a>DebugMon_Handler</STRONG> (Thumb, 2 bytes, Stack size 0 bytes, startup_stm32f10x_hd.o(.text))
<BR><BR>[Calls]<UL><LI><a href="#[8]">&gt;&gt;</a>&nbsp;&nbsp;&nbsp;DebugMon_Handler
</UL>
<BR>[Called By]<UL><LI><a href="#[8]">&gt;&gt;</a>&nbsp;&nbsp;&nbsp;DebugMon_Handler
</UL>
<BR>[Address Reference Count : 1]<UL><LI> startup_stm32f10x_hd.o(RESET)
</UL>
<P><STRONG><a name="[9]"></a>PendSV_Handler</STRONG> (Thumb, 2 bytes, Stack size 0 bytes, startup_stm32f10x_hd.o(.text))
<BR><BR>[Calls]<UL><LI><a href="#[9]">&gt;&gt;</a>&nbsp;&nbsp;&nbsp;PendSV_Handler
</UL>
<BR>[Called By]<UL><LI><a href="#[9]">&gt;&gt;</a>&nbsp;&nbsp;&nbsp;PendSV_Handler
</UL>
<BR>[Address Reference Count : 1]<UL><LI> startup_stm32f10x_hd.o(RESET)
</UL>
<P><STRONG><a name="[1d]"></a>ADC1_2_IRQHandler</STRONG> (Thumb, 0 bytes, Stack size 0 bytes, startup_stm32f10x_hd.o(.text))
<BR><BR>[Calls]<UL><LI><a href="#[1d]">&gt;&gt;</a>&nbsp;&nbsp;&nbsp;ADC1_2_IRQHandler
</UL>
<BR>[Called By]<UL><LI><a href="#[1d]">&gt;&gt;</a>&nbsp;&nbsp;&nbsp;ADC1_2_IRQHandler
</UL>
<BR>[Address Reference Count : 1]<UL><LI> startup_stm32f10x_hd.o(RESET)
</UL>
<P><STRONG><a name="[3a]"></a>ADC3_IRQHandler</STRONG> (Thumb, 0 bytes, Stack size 0 bytes, startup_stm32f10x_hd.o(.text))
<BR>[Address Reference Count : 1]<UL><LI> startup_stm32f10x_hd.o(RESET)
</UL>
<P><STRONG><a name="[20]"></a>CAN1_RX1_IRQHandler</STRONG> (Thumb, 0 bytes, Stack size 0 bytes, startup_stm32f10x_hd.o(.text))
<BR>[Address Reference Count : 1]<UL><LI> startup_stm32f10x_hd.o(RESET)
</UL>
<P><STRONG><a name="[21]"></a>CAN1_SCE_IRQHandler</STRONG> (Thumb, 0 bytes, Stack size 0 bytes, startup_stm32f10x_hd.o(.text))
<BR>[Address Reference Count : 1]<UL><LI> startup_stm32f10x_hd.o(RESET)
</UL>
<P><STRONG><a name="[16]"></a>DMA1_Channel1_IRQHandler</STRONG> (Thumb, 0 bytes, Stack size 0 bytes, startup_stm32f10x_hd.o(.text))
<BR>[Address Reference Count : 1]<UL><LI> startup_stm32f10x_hd.o(RESET)
</UL>
<P><STRONG><a name="[17]"></a>DMA1_Channel2_IRQHandler</STRONG> (Thumb, 0 bytes, Stack size 0 bytes, startup_stm32f10x_hd.o(.text))
<BR>[Address Reference Count : 1]<UL><LI> startup_stm32f10x_hd.o(RESET)
</UL>
<P><STRONG><a name="[18]"></a>DMA1_Channel3_IRQHandler</STRONG> (Thumb, 0 bytes, Stack size 0 bytes, startup_stm32f10x_hd.o(.text))
<BR>[Address Reference Count : 1]<UL><LI> startup_stm32f10x_hd.o(RESET)
</UL>
<P><STRONG><a name="[19]"></a>DMA1_Channel4_IRQHandler</STRONG> (Thumb, 0 bytes, Stack size 0 bytes, startup_stm32f10x_hd.o(.text))
<BR>[Address Reference Count : 1]<UL><LI> startup_stm32f10x_hd.o(RESET)
</UL>
<P><STRONG><a name="[1a]"></a>DMA1_Channel5_IRQHandler</STRONG> (Thumb, 0 bytes, Stack size 0 bytes, startup_stm32f10x_hd.o(.text))
<BR>[Address Reference Count : 1]<UL><LI> startup_stm32f10x_hd.o(RESET)
</UL>
<P><STRONG><a name="[1b]"></a>DMA1_Channel6_IRQHandler</STRONG> (Thumb, 0 bytes, Stack size 0 bytes, startup_stm32f10x_hd.o(.text))
<BR>[Address Reference Count : 1]<UL><LI> startup_stm32f10x_hd.o(RESET)
</UL>
<P><STRONG><a name="[1c]"></a>DMA1_Channel7_IRQHandler</STRONG> (Thumb, 0 bytes, Stack size 0 bytes, startup_stm32f10x_hd.o(.text))
<BR>[Address Reference Count : 1]<UL><LI> startup_stm32f10x_hd.o(RESET)
</UL>
<P><STRONG><a name="[43]"></a>DMA2_Channel1_IRQHandler</STRONG> (Thumb, 0 bytes, Stack size 0 bytes, startup_stm32f10x_hd.o(.text))
<BR>[Address Reference Count : 1]<UL><LI> startup_stm32f10x_hd.o(RESET)
</UL>
<P><STRONG><a name="[44]"></a>DMA2_Channel2_IRQHandler</STRONG> (Thumb, 0 bytes, Stack size 0 bytes, startup_stm32f10x_hd.o(.text))
<BR>[Address Reference Count : 1]<UL><LI> startup_stm32f10x_hd.o(RESET)
</UL>
<P><STRONG><a name="[45]"></a>DMA2_Channel3_IRQHandler</STRONG> (Thumb, 0 bytes, Stack size 0 bytes, startup_stm32f10x_hd.o(.text))
<BR>[Address Reference Count : 1]<UL><LI> startup_stm32f10x_hd.o(RESET)
</UL>
<P><STRONG><a name="[46]"></a>DMA2_Channel4_5_IRQHandler</STRONG> (Thumb, 0 bytes, Stack size 0 bytes, startup_stm32f10x_hd.o(.text))
<BR>[Address Reference Count : 1]<UL><LI> startup_stm32f10x_hd.o(RESET)
</UL>
<P><STRONG><a name="[11]"></a>EXTI0_IRQHandler</STRONG> (Thumb, 0 bytes, Stack size 0 bytes, startup_stm32f10x_hd.o(.text))
<BR>[Address Reference Count : 1]<UL><LI> startup_stm32f10x_hd.o(RESET)
</UL>
<P><STRONG><a name="[33]"></a>EXTI15_10_IRQHandler</STRONG> (Thumb, 0 bytes, Stack size 0 bytes, startup_stm32f10x_hd.o(.text))
<BR>[Address Reference Count : 1]<UL><LI> startup_stm32f10x_hd.o(RESET)
</UL>
<P><STRONG><a name="[12]"></a>EXTI1_IRQHandler</STRONG> (Thumb, 0 bytes, Stack size 0 bytes, startup_stm32f10x_hd.o(.text))
<BR>[Address Reference Count : 1]<UL><LI> startup_stm32f10x_hd.o(RESET)
</UL>
<P><STRONG><a name="[13]"></a>EXTI2_IRQHandler</STRONG> (Thumb, 0 bytes, Stack size 0 bytes, startup_stm32f10x_hd.o(.text))
<BR>[Address Reference Count : 1]<UL><LI> startup_stm32f10x_hd.o(RESET)
</UL>
<P><STRONG><a name="[14]"></a>EXTI3_IRQHandler</STRONG> (Thumb, 0 bytes, Stack size 0 bytes, startup_stm32f10x_hd.o(.text))
<BR>[Address Reference Count : 1]<UL><LI> startup_stm32f10x_hd.o(RESET)
</UL>
<P><STRONG><a name="[15]"></a>EXTI4_IRQHandler</STRONG> (Thumb, 0 bytes, Stack size 0 bytes, startup_stm32f10x_hd.o(.text))
<BR>[Address Reference Count : 1]<UL><LI> startup_stm32f10x_hd.o(RESET)
</UL>
<P><STRONG><a name="[22]"></a>EXTI9_5_IRQHandler</STRONG> (Thumb, 0 bytes, Stack size 0 bytes, startup_stm32f10x_hd.o(.text))
<BR>[Address Reference Count : 1]<UL><LI> startup_stm32f10x_hd.o(RESET)
</UL>
<P><STRONG><a name="[f]"></a>FLASH_IRQHandler</STRONG> (Thumb, 0 bytes, Stack size 0 bytes, startup_stm32f10x_hd.o(.text))
<BR>[Address Reference Count : 1]<UL><LI> startup_stm32f10x_hd.o(RESET)
</UL>
<P><STRONG><a name="[3b]"></a>FSMC_IRQHandler</STRONG> (Thumb, 0 bytes, Stack size 0 bytes, startup_stm32f10x_hd.o(.text))
<BR>[Address Reference Count : 1]<UL><LI> startup_stm32f10x_hd.o(RESET)
</UL>
<P><STRONG><a name="[2b]"></a>I2C1_ER_IRQHandler</STRONG> (Thumb, 0 bytes, Stack size 0 bytes, startup_stm32f10x_hd.o(.text))
<BR>[Address Reference Count : 1]<UL><LI> startup_stm32f10x_hd.o(RESET)
</UL>
<P><STRONG><a name="[2a]"></a>I2C1_EV_IRQHandler</STRONG> (Thumb, 0 bytes, Stack size 0 bytes, startup_stm32f10x_hd.o(.text))
<BR>[Address Reference Count : 1]<UL><LI> startup_stm32f10x_hd.o(RESET)
</UL>
<P><STRONG><a name="[2d]"></a>I2C2_ER_IRQHandler</STRONG> (Thumb, 0 bytes, Stack size 0 bytes, startup_stm32f10x_hd.o(.text))
<BR>[Address Reference Count : 1]<UL><LI> startup_stm32f10x_hd.o(RESET)
</UL>
<P><STRONG><a name="[2c]"></a>I2C2_EV_IRQHandler</STRONG> (Thumb, 0 bytes, Stack size 0 bytes, startup_stm32f10x_hd.o(.text))
<BR>[Address Reference Count : 1]<UL><LI> startup_stm32f10x_hd.o(RESET)
</UL>
<P><STRONG><a name="[c]"></a>PVD_IRQHandler</STRONG> (Thumb, 0 bytes, Stack size 0 bytes, startup_stm32f10x_hd.o(.text))
<BR>[Address Reference Count : 1]<UL><LI> startup_stm32f10x_hd.o(RESET)
</UL>
<P><STRONG><a name="[10]"></a>RCC_IRQHandler</STRONG> (Thumb, 0 bytes, Stack size 0 bytes, startup_stm32f10x_hd.o(.text))
<BR>[Address Reference Count : 1]<UL><LI> startup_stm32f10x_hd.o(RESET)
</UL>
<P><STRONG><a name="[34]"></a>RTCAlarm_IRQHandler</STRONG> (Thumb, 0 bytes, Stack size 0 bytes, startup_stm32f10x_hd.o(.text))
<BR>[Address Reference Count : 1]<UL><LI> startup_stm32f10x_hd.o(RESET)
</UL>
<P><STRONG><a name="[e]"></a>RTC_IRQHandler</STRONG> (Thumb, 0 bytes, Stack size 0 bytes, startup_stm32f10x_hd.o(.text))
<BR>[Address Reference Count : 1]<UL><LI> startup_stm32f10x_hd.o(RESET)
</UL>
<P><STRONG><a name="[3c]"></a>SDIO_IRQHandler</STRONG> (Thumb, 0 bytes, Stack size 0 bytes, startup_stm32f10x_hd.o(.text))
<BR>[Address Reference Count : 1]<UL><LI> startup_stm32f10x_hd.o(RESET)
</UL>
<P><STRONG><a name="[2e]"></a>SPI1_IRQHandler</STRONG> (Thumb, 0 bytes, Stack size 0 bytes, startup_stm32f10x_hd.o(.text))
<BR>[Address Reference Count : 1]<UL><LI> startup_stm32f10x_hd.o(RESET)
</UL>
<P><STRONG><a name="[2f]"></a>SPI2_IRQHandler</STRONG> (Thumb, 0 bytes, Stack size 0 bytes, startup_stm32f10x_hd.o(.text))
<BR>[Address Reference Count : 1]<UL><LI> startup_stm32f10x_hd.o(RESET)
</UL>
<P><STRONG><a name="[3e]"></a>SPI3_IRQHandler</STRONG> (Thumb, 0 bytes, Stack size 0 bytes, startup_stm32f10x_hd.o(.text))
<BR>[Address Reference Count : 1]<UL><LI> startup_stm32f10x_hd.o(RESET)
</UL>
<P><STRONG><a name="[d]"></a>TAMPER_IRQHandler</STRONG> (Thumb, 0 bytes, Stack size 0 bytes, startup_stm32f10x_hd.o(.text))
<BR>[Address Reference Count : 1]<UL><LI> startup_stm32f10x_hd.o(RESET)
</UL>
<P><STRONG><a name="[23]"></a>TIM1_BRK_IRQHandler</STRONG> (Thumb, 0 bytes, Stack size 0 bytes, startup_stm32f10x_hd.o(.text))
<BR>[Address Reference Count : 1]<UL><LI> startup_stm32f10x_hd.o(RESET)
</UL>
<P><STRONG><a name="[26]"></a>TIM1_CC_IRQHandler</STRONG> (Thumb, 0 bytes, Stack size 0 bytes, startup_stm32f10x_hd.o(.text))
<BR>[Address Reference Count : 1]<UL><LI> startup_stm32f10x_hd.o(RESET)
</UL>
<P><STRONG><a name="[25]"></a>TIM1_TRG_COM_IRQHandler</STRONG> (Thumb, 0 bytes, Stack size 0 bytes, startup_stm32f10x_hd.o(.text))
<BR>[Address Reference Count : 1]<UL><LI> startup_stm32f10x_hd.o(RESET)
</UL>
<P><STRONG><a name="[24]"></a>TIM1_UP_IRQHandler</STRONG> (Thumb, 0 bytes, Stack size 0 bytes, startup_stm32f10x_hd.o(.text))
<BR>[Address Reference Count : 1]<UL><LI> startup_stm32f10x_hd.o(RESET)
</UL>
<P><STRONG><a name="[28]"></a>TIM3_IRQHandler</STRONG> (Thumb, 0 bytes, Stack size 0 bytes, startup_stm32f10x_hd.o(.text))
<BR>[Address Reference Count : 1]<UL><LI> startup_stm32f10x_hd.o(RESET)
</UL>
<P><STRONG><a name="[29]"></a>TIM4_IRQHandler</STRONG> (Thumb, 0 bytes, Stack size 0 bytes, startup_stm32f10x_hd.o(.text))
<BR>[Address Reference Count : 1]<UL><LI> startup_stm32f10x_hd.o(RESET)
</UL>
<P><STRONG><a name="[41]"></a>TIM6_IRQHandler</STRONG> (Thumb, 0 bytes, Stack size 0 bytes, startup_stm32f10x_hd.o(.text))
<BR>[Address Reference Count : 1]<UL><LI> startup_stm32f10x_hd.o(RESET)
</UL>
<P><STRONG><a name="[42]"></a>TIM7_IRQHandler</STRONG> (Thumb, 0 bytes, Stack size 0 bytes, startup_stm32f10x_hd.o(.text))
<BR>[Address Reference Count : 1]<UL><LI> startup_stm32f10x_hd.o(RESET)
</UL>
<P><STRONG><a name="[36]"></a>TIM8_BRK_IRQHandler</STRONG> (Thumb, 0 bytes, Stack size 0 bytes, startup_stm32f10x_hd.o(.text))
<BR>[Address Reference Count : 1]<UL><LI> startup_stm32f10x_hd.o(RESET)
</UL>
<P><STRONG><a name="[39]"></a>TIM8_CC_IRQHandler</STRONG> (Thumb, 0 bytes, Stack size 0 bytes, startup_stm32f10x_hd.o(.text))
<BR>[Address Reference Count : 1]<UL><LI> startup_stm32f10x_hd.o(RESET)
</UL>
<P><STRONG><a name="[38]"></a>TIM8_TRG_COM_IRQHandler</STRONG> (Thumb, 0 bytes, Stack size 0 bytes, startup_stm32f10x_hd.o(.text))
<BR>[Address Reference Count : 1]<UL><LI> startup_stm32f10x_hd.o(RESET)
</UL>
<P><STRONG><a name="[37]"></a>TIM8_UP_IRQHandler</STRONG> (Thumb, 0 bytes, Stack size 0 bytes, startup_stm32f10x_hd.o(.text))
<BR>[Address Reference Count : 1]<UL><LI> startup_stm32f10x_hd.o(RESET)
</UL>
<P><STRONG><a name="[40]"></a>UART5_IRQHandler</STRONG> (Thumb, 0 bytes, Stack size 0 bytes, startup_stm32f10x_hd.o(.text))
<BR>[Address Reference Count : 1]<UL><LI> startup_stm32f10x_hd.o(RESET)
</UL>
<P><STRONG><a name="[35]"></a>USBWakeUp_IRQHandler</STRONG> (Thumb, 0 bytes, Stack size 0 bytes, startup_stm32f10x_hd.o(.text))
<BR>[Address Reference Count : 1]<UL><LI> startup_stm32f10x_hd.o(RESET)
</UL>
<P><STRONG><a name="[1e]"></a>USB_HP_CAN1_TX_IRQHandler</STRONG> (Thumb, 0 bytes, Stack size 0 bytes, startup_stm32f10x_hd.o(.text))
<BR>[Address Reference Count : 1]<UL><LI> startup_stm32f10x_hd.o(RESET)
</UL>
<P><STRONG><a name="[1f]"></a>USB_LP_CAN1_RX0_IRQHandler</STRONG> (Thumb, 0 bytes, Stack size 0 bytes, startup_stm32f10x_hd.o(.text))
<BR>[Address Reference Count : 1]<UL><LI> startup_stm32f10x_hd.o(RESET)
</UL>
<P><STRONG><a name="[b]"></a>WWDG_IRQHandler</STRONG> (Thumb, 0 bytes, Stack size 0 bytes, startup_stm32f10x_hd.o(.text))
<BR>[Address Reference Count : 1]<UL><LI> startup_stm32f10x_hd.o(RESET)
</UL>
<P><STRONG><a name="[e1]"></a>mktime</STRONG> (Thumb, 150 bytes, Stack size 0 bytes, mktime.o(.text))
<BR><BR>[Calls]<UL><LI><a href="#[e2]">&gt;&gt;</a>&nbsp;&nbsp;&nbsp;_localtime
</UL>
<BR>[Called By]<UL><LI><a href="#[335]">&gt;&gt;</a>&nbsp;&nbsp;&nbsp;Get_UTC_Value
<LI><a href="#[169]">&gt;&gt;</a>&nbsp;&nbsp;&nbsp;Is_Valid_DateTime
</UL>

<P><STRONG><a name="[18a]"></a>__aeabi_memcpy</STRONG> (Thumb, 64 bytes, Stack size 0 bytes, memmovea.o(.text))
<BR><BR>[Called By]<UL><LI><a href="#[439]">&gt;&gt;</a>&nbsp;&nbsp;&nbsp;Uart_Get_Device_Records_Infor
<LI><a href="#[437]">&gt;&gt;</a>&nbsp;&nbsp;&nbsp;Uart_Cmd_Parser_Sub
<LI><a href="#[434]">&gt;&gt;</a>&nbsp;&nbsp;&nbsp;Uart_Cmd_Get_ProgramFileHeader
<LI><a href="#[278]">&gt;&gt;</a>&nbsp;&nbsp;&nbsp;Save_Hardware_IMEI
<LI><a href="#[1d2]">&gt;&gt;</a>&nbsp;&nbsp;&nbsp;Data_Test_Parameter_Load
<LI><a href="#[1d3]">&gt;&gt;</a>&nbsp;&nbsp;&nbsp;Data_System_Parameter_Load
<LI><a href="#[1d6]">&gt;&gt;</a>&nbsp;&nbsp;&nbsp;Data_Server_Parameter_Load
<LI><a href="#[1e4]">&gt;&gt;</a>&nbsp;&nbsp;&nbsp;Data_Record_Save_Sub
<LI><a href="#[1d9]">&gt;&gt;</a>&nbsp;&nbsp;&nbsp;Data_Record_InforMap_Load
<LI><a href="#[1d4]">&gt;&gt;</a>&nbsp;&nbsp;&nbsp;Data_Printer_Parameter_Load
<LI><a href="#[1ce]">&gt;&gt;</a>&nbsp;&nbsp;&nbsp;Data_HeartRate_Parameter_Load
<LI><a href="#[1cc]">&gt;&gt;</a>&nbsp;&nbsp;&nbsp;Data_Device_UserInfor_Load
<LI><a href="#[1c9]">&gt;&gt;</a>&nbsp;&nbsp;&nbsp;Data_DeviceID_Config_Load
<LI><a href="#[1c2]">&gt;&gt;</a>&nbsp;&nbsp;&nbsp;Data_AlcCalibration_Parameter_Load
<LI><a href="#[5a]">&gt;&gt;</a>&nbsp;&nbsp;&nbsp;_Callback
<LI><a href="#[223]">&gt;&gt;</a>&nbsp;&nbsp;&nbsp;EDIT_SetText
<LI><a href="#[148]">&gt;&gt;</a>&nbsp;&nbsp;&nbsp;EDIT_GetText
<LI><a href="#[189]">&gt;&gt;</a>&nbsp;&nbsp;&nbsp;BUTTON_GetText
<LI><a href="#[3ea]">&gt;&gt;</a>&nbsp;&nbsp;&nbsp;Record_Basic_Init
<LI><a href="#[392]">&gt;&gt;</a>&nbsp;&nbsp;&nbsp;LISTBOX_GetItemText
<LI><a href="#[78]">&gt;&gt;</a>&nbsp;&nbsp;&nbsp;_ConfirmRestorParameter
<LI><a href="#[297]">&gt;&gt;</a>&nbsp;&nbsp;&nbsp;GUI_ALLOC_AllocInit
<LI><a href="#[196]">&gt;&gt;</a>&nbsp;&nbsp;&nbsp;GUI__SetText
<LI><a href="#[2a0]">&gt;&gt;</a>&nbsp;&nbsp;&nbsp;GUI_ALLOC_Realloc
<LI><a href="#[c2]">&gt;&gt;</a>&nbsp;&nbsp;&nbsp;_DrawBitmap
<LI><a href="#[2a7]">&gt;&gt;</a>&nbsp;&nbsp;&nbsp;GUI_ARRAY_ResizeItem
</UL>

<P><STRONG><a name="[141]"></a>__aeabi_memcpy4</STRONG> (Thumb, 0 bytes, Stack size 0 bytes, memmovea.o(.text))
<BR><BR>[Called By]<UL><LI><a href="#[140]">&gt;&gt;</a>&nbsp;&nbsp;&nbsp;Alc_Adc_Temperature_Calibration
<LI><a href="#[99]">&gt;&gt;</a>&nbsp;&nbsp;&nbsp;CW_ShowDialog_Create
<LI><a href="#[169]">&gt;&gt;</a>&nbsp;&nbsp;&nbsp;Is_Valid_DateTime
<LI><a href="#[217]">&gt;&gt;</a>&nbsp;&nbsp;&nbsp;EDIT_CreateEx
<LI><a href="#[3cf]">&gt;&gt;</a>&nbsp;&nbsp;&nbsp;PROGBAR_CreateEx
<LI><a href="#[38b]">&gt;&gt;</a>&nbsp;&nbsp;&nbsp;LISTBOX_CreateEx
<LI><a href="#[186]">&gt;&gt;</a>&nbsp;&nbsp;&nbsp;BUTTON_CreateEx
<LI><a href="#[4fa]">&gt;&gt;</a>&nbsp;&nbsp;&nbsp;_Callback_PY
<LI><a href="#[303]">&gt;&gt;</a>&nbsp;&nbsp;&nbsp;GUI_SaveContext_W_M
<LI><a href="#[302]">&gt;&gt;</a>&nbsp;&nbsp;&nbsp;GUI_RestoreContext
</UL>

<P><STRONG><a name="[50e]"></a>__aeabi_memmove</STRONG> (Thumb, 0 bytes, Stack size 0 bytes, memmovea.o(.text))
<BR><BR>[Called By]<UL><LI><a href="#[4bd]">&gt;&gt;</a>&nbsp;&nbsp;&nbsp;_CreateHole
<LI><a href="#[20f]">&gt;&gt;</a>&nbsp;&nbsp;&nbsp;_InsertChar
<LI><a href="#[4b2]">&gt;&gt;</a>&nbsp;&nbsp;&nbsp;_InsertChar
</UL>

<P><STRONG><a name="[e4]"></a>__aeabi_memset</STRONG> (Thumb, 14 bytes, Stack size 0 bytes, memseta.o(.text))
<BR><BR>[Called By]<UL><LI><a href="#[cb]">&gt;&gt;</a>&nbsp;&nbsp;&nbsp;GUI_USAGE_BM_AddHLine
<LI><a href="#[e5]">&gt;&gt;</a>&nbsp;&nbsp;&nbsp;_memset$wrapper
<LI><a href="#[e3]">&gt;&gt;</a>&nbsp;&nbsp;&nbsp;__aeabi_memclr
</UL>

<P><STRONG><a name="[e3]"></a>__aeabi_memclr</STRONG> (Thumb, 4 bytes, Stack size 0 bytes, memseta.o(.text))
<BR><BR>[Calls]<UL><LI><a href="#[e4]">&gt;&gt;</a>&nbsp;&nbsp;&nbsp;__aeabi_memset
</UL>
<BR>[Called By]<UL><LI><a href="#[437]">&gt;&gt;</a>&nbsp;&nbsp;&nbsp;Uart_Cmd_Parser_Sub
<LI><a href="#[239]">&gt;&gt;</a>&nbsp;&nbsp;&nbsp;Get_New_Upload_Record_Data
<LI><a href="#[278]">&gt;&gt;</a>&nbsp;&nbsp;&nbsp;Save_Hardware_IMEI
<LI><a href="#[282]">&gt;&gt;</a>&nbsp;&nbsp;&nbsp;GPRS_Processed_Receive_Data
<LI><a href="#[285]">&gt;&gt;</a>&nbsp;&nbsp;&nbsp;GPRS_Hal_Var_Init
<LI><a href="#[409]">&gt;&gt;</a>&nbsp;&nbsp;&nbsp;_StartTestPrepare
<LI><a href="#[424]">&gt;&gt;</a>&nbsp;&nbsp;&nbsp;Start_Sample
<LI><a href="#[1d3]">&gt;&gt;</a>&nbsp;&nbsp;&nbsp;Data_System_Parameter_Load
<LI><a href="#[1d8]">&gt;&gt;</a>&nbsp;&nbsp;&nbsp;Data_Record_Load_Last
<LI><a href="#[1d7]">&gt;&gt;</a>&nbsp;&nbsp;&nbsp;Data_Logo_Attribute_Load
<LI><a href="#[1cc]">&gt;&gt;</a>&nbsp;&nbsp;&nbsp;Data_Device_UserInfor_Load
<LI><a href="#[16e]">&gt;&gt;</a>&nbsp;&nbsp;&nbsp;Upload_Record_Var_Init
<LI><a href="#[17b]">&gt;&gt;</a>&nbsp;&nbsp;&nbsp;GPRS_HeartRate_Packet_Upload
<LI><a href="#[178]">&gt;&gt;</a>&nbsp;&nbsp;&nbsp;Exec_GPRS_User_Loop
<LI><a href="#[1f7]">&gt;&gt;</a>&nbsp;&nbsp;&nbsp;Device_Close_Packet_Upload
<LI><a href="#[5a]">&gt;&gt;</a>&nbsp;&nbsp;&nbsp;_Callback
<LI><a href="#[153]">&gt;&gt;</a>&nbsp;&nbsp;&nbsp;Alcohol_Value_Analyze_Middle
<LI><a href="#[14f]">&gt;&gt;</a>&nbsp;&nbsp;&nbsp;Alcohol_Value_Analyze_Left
<LI><a href="#[152]">&gt;&gt;</a>&nbsp;&nbsp;&nbsp;_ConfirmButton_Function
<LI><a href="#[151]">&gt;&gt;</a>&nbsp;&nbsp;&nbsp;Alcohol_Value_Analyze_Middle
<LI><a href="#[147]">&gt;&gt;</a>&nbsp;&nbsp;&nbsp;Alcohol_Value_Analyze_Left
<LI><a href="#[4d7]">&gt;&gt;</a>&nbsp;&nbsp;&nbsp;_Create
<LI><a href="#[63]">&gt;&gt;</a>&nbsp;&nbsp;&nbsp;_Callback
<LI><a href="#[4d6]">&gt;&gt;</a>&nbsp;&nbsp;&nbsp;_Create
<LI><a href="#[3ea]">&gt;&gt;</a>&nbsp;&nbsp;&nbsp;Record_Basic_Init
<LI><a href="#[156]">&gt;&gt;</a>&nbsp;&nbsp;&nbsp;_ConfirmButton_Function
<LI><a href="#[155]">&gt;&gt;</a>&nbsp;&nbsp;&nbsp;Alcohol_Value_Analyze_Middle
<LI><a href="#[150]">&gt;&gt;</a>&nbsp;&nbsp;&nbsp;Alcohol_Value_Analyze_Left
<LI><a href="#[4f6]">&gt;&gt;</a>&nbsp;&nbsp;&nbsp;_Delete_Key_Event
<LI><a href="#[4f8]">&gt;&gt;</a>&nbsp;&nbsp;&nbsp;_Callback_BH
</UL>

<P><STRONG><a name="[163]"></a>__aeabi_memclr4</STRONG> (Thumb, 0 bytes, Stack size 0 bytes, memseta.o(.text))
<BR><BR>[Called By]<UL><LI><a href="#[32e]">&gt;&gt;</a>&nbsp;&nbsp;&nbsp;Get_GPRS_To_Server_Result_Packet
<LI><a href="#[234]">&gt;&gt;</a>&nbsp;&nbsp;&nbsp;Get_GPRS_To_Server_Record_Packet
<LI><a href="#[1f8]">&gt;&gt;</a>&nbsp;&nbsp;&nbsp;GPRS_HeartRate_Packet
<LI><a href="#[424]">&gt;&gt;</a>&nbsp;&nbsp;&nbsp;Start_Sample
<LI><a href="#[159]">&gt;&gt;</a>&nbsp;&nbsp;&nbsp;App_Start
<LI><a href="#[169]">&gt;&gt;</a>&nbsp;&nbsp;&nbsp;Is_Valid_DateTime
<LI><a href="#[509]">&gt;&gt;</a>&nbsp;&nbsp;&nbsp;_Delete_UserInfor_By_SelectItem
<LI><a href="#[3da]">&gt;&gt;</a>&nbsp;&nbsp;&nbsp;PrintData
<LI><a href="#[4ff]">&gt;&gt;</a>&nbsp;&nbsp;&nbsp;_Get_Valid_T9_HZ_Array
<LI><a href="#[4f5]">&gt;&gt;</a>&nbsp;&nbsp;&nbsp;_Clear_All_HZ_Input
<LI><a href="#[4fa]">&gt;&gt;</a>&nbsp;&nbsp;&nbsp;_Callback_PY
<LI><a href="#[4f8]">&gt;&gt;</a>&nbsp;&nbsp;&nbsp;_Callback_BH
<LI><a href="#[53]">&gt;&gt;</a>&nbsp;&nbsp;&nbsp;_Callback
<LI><a href="#[cc]">&gt;&gt;</a>&nbsp;&nbsp;&nbsp;GUI_USAGE_BM_Clear
</UL>

<P><STRONG><a name="[e5]"></a>_memset$wrapper</STRONG> (Thumb, 18 bytes, Stack size 0 bytes, memseta.o(.text), UNUSED)
<BR><BR>[Calls]<UL><LI><a href="#[e4]">&gt;&gt;</a>&nbsp;&nbsp;&nbsp;__aeabi_memset
</UL>

<P><STRONG><a name="[288]"></a>strcat</STRONG> (Thumb, 24 bytes, Stack size 0 bytes, strcat.o(.text))
<BR><BR>[Called By]<UL><LI><a href="#[32e]">&gt;&gt;</a>&nbsp;&nbsp;&nbsp;Get_GPRS_To_Server_Result_Packet
<LI><a href="#[234]">&gt;&gt;</a>&nbsp;&nbsp;&nbsp;Get_GPRS_To_Server_Record_Packet
<LI><a href="#[1f8]">&gt;&gt;</a>&nbsp;&nbsp;&nbsp;GPRS_HeartRate_Packet
</UL>

<P><STRONG><a name="[158]"></a>strstr</STRONG> (Thumb, 36 bytes, Stack size 0 bytes, strstr.o(.text))
<BR><BR>[Called By]<UL><LI><a href="#[339]">&gt;&gt;</a>&nbsp;&nbsp;&nbsp;Gps_Data_Receive
<LI><a href="#[336]">&gt;&gt;</a>&nbsp;&nbsp;&nbsp;Gprs_Analyse_Server_Package_Data_Sub
<LI><a href="#[157]">&gt;&gt;</a>&nbsp;&nbsp;&nbsp;Analyse_Server_Package_GrandSub
<LI><a href="#[282]">&gt;&gt;</a>&nbsp;&nbsp;&nbsp;GPRS_Processed_Receive_Data
<LI><a href="#[27b]">&gt;&gt;</a>&nbsp;&nbsp;&nbsp;GPRS_Cmd_Set_APN
<LI><a href="#[274]">&gt;&gt;</a>&nbsp;&nbsp;&nbsp;GPRS_Cmd_GET_MCC_MNC
<LI><a href="#[284]">&gt;&gt;</a>&nbsp;&nbsp;&nbsp;GPRS_UartSync
<LI><a href="#[280]">&gt;&gt;</a>&nbsp;&nbsp;&nbsp;GPRS_Enable_Echo
<LI><a href="#[27f]">&gt;&gt;</a>&nbsp;&nbsp;&nbsp;GPRS_Disable_Echo
<LI><a href="#[27e]">&gt;&gt;</a>&nbsp;&nbsp;&nbsp;GPRS_Cmd_Write_Socket_Phase2
<LI><a href="#[27d]">&gt;&gt;</a>&nbsp;&nbsp;&nbsp;GPRS_Cmd_Write_Socket_Phase1
<LI><a href="#[27a]">&gt;&gt;</a>&nbsp;&nbsp;&nbsp;GPRS_Cmd_Open_Net
<LI><a href="#[277]">&gt;&gt;</a>&nbsp;&nbsp;&nbsp;GPRS_Cmd_Get_IMEI
<LI><a href="#[275]">&gt;&gt;</a>&nbsp;&nbsp;&nbsp;GPRS_Cmd_Get_CSQ
<LI><a href="#[26f]">&gt;&gt;</a>&nbsp;&nbsp;&nbsp;GPRS_Cmd_Connect_Server
<LI><a href="#[26d]">&gt;&gt;</a>&nbsp;&nbsp;&nbsp;GPRS_Cmd_CheckSimcard
<LI><a href="#[26c]">&gt;&gt;</a>&nbsp;&nbsp;&nbsp;GPRS_Cmd_CheckNetRegist_State
<LI><a href="#[26b]">&gt;&gt;</a>&nbsp;&nbsp;&nbsp;GPRS_Cmd_CheckCOPS
<LI><a href="#[26a]">&gt;&gt;</a>&nbsp;&nbsp;&nbsp;GPRS_Cmd_Add_MessageHead
<LI><a href="#[266]">&gt;&gt;</a>&nbsp;&nbsp;&nbsp;GPRS_Change_Baudrate
</UL>

<P><STRONG><a name="[3dd]"></a>strncpy</STRONG> (Thumb, 24 bytes, Stack size 0 bytes, strncpy.o(.text))
<BR><BR>[Called By]<UL><LI><a href="#[3da]">&gt;&gt;</a>&nbsp;&nbsp;&nbsp;PrintData
</UL>

<P><STRONG><a name="[14a]"></a>strlen</STRONG> (Thumb, 14 bytes, Stack size 0 bytes, strlen.o(.text))
<BR><BR>[Called By]<UL><LI><a href="#[437]">&gt;&gt;</a>&nbsp;&nbsp;&nbsp;Uart_Cmd_Parser_Sub
<LI><a href="#[32e]">&gt;&gt;</a>&nbsp;&nbsp;&nbsp;Get_GPRS_To_Server_Result_Packet
<LI><a href="#[32f]">&gt;&gt;</a>&nbsp;&nbsp;&nbsp;Result_DataPacket
<LI><a href="#[32d]">&gt;&gt;</a>&nbsp;&nbsp;&nbsp;Get_Request_DataPacket
<LI><a href="#[286]">&gt;&gt;</a>&nbsp;&nbsp;&nbsp;Get_HeartRate_First_Data
<LI><a href="#[287]">&gt;&gt;</a>&nbsp;&nbsp;&nbsp;Get_HeartRate_Data
<LI><a href="#[234]">&gt;&gt;</a>&nbsp;&nbsp;&nbsp;Get_GPRS_To_Server_Record_Packet
<LI><a href="#[1f8]">&gt;&gt;</a>&nbsp;&nbsp;&nbsp;GPRS_HeartRate_Packet
<LI><a href="#[27c]">&gt;&gt;</a>&nbsp;&nbsp;&nbsp;Get_APN_String
<LI><a href="#[27b]">&gt;&gt;</a>&nbsp;&nbsp;&nbsp;GPRS_Cmd_Set_APN
<LI><a href="#[274]">&gt;&gt;</a>&nbsp;&nbsp;&nbsp;GPRS_Cmd_GET_MCC_MNC
<LI><a href="#[284]">&gt;&gt;</a>&nbsp;&nbsp;&nbsp;GPRS_UartSync
<LI><a href="#[280]">&gt;&gt;</a>&nbsp;&nbsp;&nbsp;GPRS_Enable_Echo
<LI><a href="#[27f]">&gt;&gt;</a>&nbsp;&nbsp;&nbsp;GPRS_Disable_Echo
<LI><a href="#[27d]">&gt;&gt;</a>&nbsp;&nbsp;&nbsp;GPRS_Cmd_Write_Socket_Phase1
<LI><a href="#[27a]">&gt;&gt;</a>&nbsp;&nbsp;&nbsp;GPRS_Cmd_Open_Net
<LI><a href="#[277]">&gt;&gt;</a>&nbsp;&nbsp;&nbsp;GPRS_Cmd_Get_IMEI
<LI><a href="#[275]">&gt;&gt;</a>&nbsp;&nbsp;&nbsp;GPRS_Cmd_Get_CSQ
<LI><a href="#[26f]">&gt;&gt;</a>&nbsp;&nbsp;&nbsp;GPRS_Cmd_Connect_Server
<LI><a href="#[26d]">&gt;&gt;</a>&nbsp;&nbsp;&nbsp;GPRS_Cmd_CheckSimcard
<LI><a href="#[26c]">&gt;&gt;</a>&nbsp;&nbsp;&nbsp;GPRS_Cmd_CheckNetRegist_State
<LI><a href="#[26b]">&gt;&gt;</a>&nbsp;&nbsp;&nbsp;GPRS_Cmd_CheckCOPS
<LI><a href="#[26a]">&gt;&gt;</a>&nbsp;&nbsp;&nbsp;GPRS_Cmd_Add_MessageHead
<LI><a href="#[266]">&gt;&gt;</a>&nbsp;&nbsp;&nbsp;GPRS_Change_Baudrate
<LI><a href="#[1ba]">&gt;&gt;</a>&nbsp;&nbsp;&nbsp;TEXT_CreateEx
<LI><a href="#[16e]">&gt;&gt;</a>&nbsp;&nbsp;&nbsp;Upload_Record_Var_Init
<LI><a href="#[1f9]">&gt;&gt;</a>&nbsp;&nbsp;&nbsp;DisplayContentFormat
<LI><a href="#[3db]">&gt;&gt;</a>&nbsp;&nbsp;&nbsp;PrintUnicodeString
<LI><a href="#[55]">&gt;&gt;</a>&nbsp;&nbsp;&nbsp;_Callback
<LI><a href="#[153]">&gt;&gt;</a>&nbsp;&nbsp;&nbsp;Alcohol_Value_Analyze_Middle
<LI><a href="#[14f]">&gt;&gt;</a>&nbsp;&nbsp;&nbsp;Alcohol_Value_Analyze_Left
<LI><a href="#[3a2]">&gt;&gt;</a>&nbsp;&nbsp;&nbsp;LISTBOX_SetString
<LI><a href="#[223]">&gt;&gt;</a>&nbsp;&nbsp;&nbsp;EDIT_SetText
<LI><a href="#[189]">&gt;&gt;</a>&nbsp;&nbsp;&nbsp;BUTTON_GetText
<LI><a href="#[152]">&gt;&gt;</a>&nbsp;&nbsp;&nbsp;_ConfirmButton_Function
<LI><a href="#[151]">&gt;&gt;</a>&nbsp;&nbsp;&nbsp;Alcohol_Value_Analyze_Middle
<LI><a href="#[147]">&gt;&gt;</a>&nbsp;&nbsp;&nbsp;Alcohol_Value_Analyze_Left
<LI><a href="#[392]">&gt;&gt;</a>&nbsp;&nbsp;&nbsp;LISTBOX_GetItemText
<LI><a href="#[377]">&gt;&gt;</a>&nbsp;&nbsp;&nbsp;LISTBOX_AddString
<LI><a href="#[156]">&gt;&gt;</a>&nbsp;&nbsp;&nbsp;_ConfirmButton_Function
<LI><a href="#[155]">&gt;&gt;</a>&nbsp;&nbsp;&nbsp;Alcohol_Value_Analyze_Middle
<LI><a href="#[150]">&gt;&gt;</a>&nbsp;&nbsp;&nbsp;Alcohol_Value_Analyze_Left
<LI><a href="#[4ff]">&gt;&gt;</a>&nbsp;&nbsp;&nbsp;_Get_Valid_T9_HZ_Array
<LI><a href="#[4f6]">&gt;&gt;</a>&nbsp;&nbsp;&nbsp;_Delete_Key_Event
<LI><a href="#[4fa]">&gt;&gt;</a>&nbsp;&nbsp;&nbsp;_Callback_PY
<LI><a href="#[4f8]">&gt;&gt;</a>&nbsp;&nbsp;&nbsp;_Callback_BH
<LI><a href="#[53]">&gt;&gt;</a>&nbsp;&nbsp;&nbsp;_Callback
<LI><a href="#[224]">&gt;&gt;</a>&nbsp;&nbsp;&nbsp;_IsSpaceInBuffer
<LI><a href="#[20f]">&gt;&gt;</a>&nbsp;&nbsp;&nbsp;_InsertChar
<LI><a href="#[20e]">&gt;&gt;</a>&nbsp;&nbsp;&nbsp;_DeleteChar
<LI><a href="#[528]">&gt;&gt;</a>&nbsp;&nbsp;&nbsp;_IsSpaceInBuffer
<LI><a href="#[4b2]">&gt;&gt;</a>&nbsp;&nbsp;&nbsp;_InsertChar
<LI><a href="#[4b1]">&gt;&gt;</a>&nbsp;&nbsp;&nbsp;_DeleteChar
</UL>

<P><STRONG><a name="[4d3]"></a>strcmp</STRONG> (Thumb, 28 bytes, Stack size 0 bytes, strcmp.o(.text))
<BR><BR>[Called By]<UL><LI><a href="#[59]">&gt;&gt;</a>&nbsp;&nbsp;&nbsp;_Callback
<LI><a href="#[4d]">&gt;&gt;</a>&nbsp;&nbsp;&nbsp;_Callback
<LI><a href="#[5f]">&gt;&gt;</a>&nbsp;&nbsp;&nbsp;_Callback
<LI><a href="#[152]">&gt;&gt;</a>&nbsp;&nbsp;&nbsp;_ConfirmButton_Function
<LI><a href="#[54]">&gt;&gt;</a>&nbsp;&nbsp;&nbsp;_Callback
<LI><a href="#[4e]">&gt;&gt;</a>&nbsp;&nbsp;&nbsp;_Callback
<LI><a href="#[5e]">&gt;&gt;</a>&nbsp;&nbsp;&nbsp;_Callback
<LI><a href="#[502]">&gt;&gt;</a>&nbsp;&nbsp;&nbsp;_Mark_Selected_PY_Color
<LI><a href="#[4ff]">&gt;&gt;</a>&nbsp;&nbsp;&nbsp;_Get_Valid_T9_HZ_Array
<LI><a href="#[4fa]">&gt;&gt;</a>&nbsp;&nbsp;&nbsp;_Callback_PY
</UL>

<P><STRONG><a name="[1e9]"></a>memcmp</STRONG> (Thumb, 26 bytes, Stack size 0 bytes, memcmp.o(.text))
<BR><BR>[Called By]<UL><LI><a href="#[278]">&gt;&gt;</a>&nbsp;&nbsp;&nbsp;Save_Hardware_IMEI
<LI><a href="#[1e4]">&gt;&gt;</a>&nbsp;&nbsp;&nbsp;Data_Record_Save_Sub
<LI><a href="#[313]">&gt;&gt;</a>&nbsp;&nbsp;&nbsp;GUI_TOUCH_StoreStateEx
<LI><a href="#[2fe]">&gt;&gt;</a>&nbsp;&nbsp;&nbsp;GUI_PID_StoreState
</UL>

<P><STRONG><a name="[4fe]"></a>strncat</STRONG> (Thumb, 40 bytes, Stack size 0 bytes, strncat.o(.text))
<BR><BR>[Called By]<UL><LI><a href="#[4fa]">&gt;&gt;</a>&nbsp;&nbsp;&nbsp;_Callback_PY
</UL>

<P><STRONG><a name="[1ca]"></a>strcpy</STRONG> (Thumb, 18 bytes, Stack size 0 bytes, strcpy.o(.text))
<BR><BR>[Called By]<UL><LI><a href="#[1ba]">&gt;&gt;</a>&nbsp;&nbsp;&nbsp;TEXT_CreateEx
<LI><a href="#[1d3]">&gt;&gt;</a>&nbsp;&nbsp;&nbsp;Data_System_Parameter_Load
<LI><a href="#[1d6]">&gt;&gt;</a>&nbsp;&nbsp;&nbsp;Data_Server_Parameter_Load
<LI><a href="#[1c9]">&gt;&gt;</a>&nbsp;&nbsp;&nbsp;Data_DeviceID_Config_Load
<LI><a href="#[3a2]">&gt;&gt;</a>&nbsp;&nbsp;&nbsp;LISTBOX_SetString
<LI><a href="#[377]">&gt;&gt;</a>&nbsp;&nbsp;&nbsp;LISTBOX_AddString
<LI><a href="#[4fa]">&gt;&gt;</a>&nbsp;&nbsp;&nbsp;_Callback_PY
<LI><a href="#[196]">&gt;&gt;</a>&nbsp;&nbsp;&nbsp;GUI__SetText
<LI><a href="#[20e]">&gt;&gt;</a>&nbsp;&nbsp;&nbsp;_DeleteChar
<LI><a href="#[3c4]">&gt;&gt;</a>&nbsp;&nbsp;&nbsp;_SetText
<LI><a href="#[4b1]">&gt;&gt;</a>&nbsp;&nbsp;&nbsp;_DeleteChar
</UL>

<P><STRONG><a name="[e6]"></a>atoi</STRONG> (Thumb, 26 bytes, Stack size 0 bytes, atoi.o(.text))
<BR><BR>[Calls]<UL><LI><a href="#[e8]">&gt;&gt;</a>&nbsp;&nbsp;&nbsp;strtol
<LI><a href="#[e7]">&gt;&gt;</a>&nbsp;&nbsp;&nbsp;__aeabi_errno_addr
</UL>
<BR>[Called By]<UL><LI><a href="#[282]">&gt;&gt;</a>&nbsp;&nbsp;&nbsp;GPRS_Processed_Receive_Data
<LI><a href="#[274]">&gt;&gt;</a>&nbsp;&nbsp;&nbsp;GPRS_Cmd_GET_MCC_MNC
<LI><a href="#[27a]">&gt;&gt;</a>&nbsp;&nbsp;&nbsp;GPRS_Cmd_Open_Net
<LI><a href="#[275]">&gt;&gt;</a>&nbsp;&nbsp;&nbsp;GPRS_Cmd_Get_CSQ
</UL>

<P><STRONG><a name="[e9]"></a>__aeabi_fadd</STRONG> (Thumb, 164 bytes, Stack size 0 bytes, fadd.o(.text))
<BR><BR>[Calls]<UL><LI><a href="#[eb]">&gt;&gt;</a>&nbsp;&nbsp;&nbsp;_float_round
<LI><a href="#[ea]">&gt;&gt;</a>&nbsp;&nbsp;&nbsp;_float_epilogue
</UL>
<BR>[Called By]<UL><LI><a href="#[ed]">&gt;&gt;</a>&nbsp;&nbsp;&nbsp;__aeabi_frsub
<LI><a href="#[137]">&gt;&gt;</a>&nbsp;&nbsp;&nbsp;Get_Temperature_Via_Adc
<LI><a href="#[12f]">&gt;&gt;</a>&nbsp;&nbsp;&nbsp;Adc_Get_Battery_Voltage
<LI><a href="#[1b4]">&gt;&gt;</a>&nbsp;&nbsp;&nbsp;Get_Zero_Intergral_Calibrate_Coefficient
<LI><a href="#[323]">&gt;&gt;</a>&nbsp;&nbsp;&nbsp;GetRealAlcValue
<LI><a href="#[ec]">&gt;&gt;</a>&nbsp;&nbsp;&nbsp;__aeabi_fsub
<LI><a href="#[40b]">&gt;&gt;</a>&nbsp;&nbsp;&nbsp;_FinishTest
<LI><a href="#[140]">&gt;&gt;</a>&nbsp;&nbsp;&nbsp;Alc_Adc_Temperature_Calibration
<LI><a href="#[42e]">&gt;&gt;</a>&nbsp;&nbsp;&nbsp;Temperature_Calibrate
<LI><a href="#[1b3]">&gt;&gt;</a>&nbsp;&nbsp;&nbsp;Calculate_Alcohol_Concentration
<LI><a href="#[329]">&gt;&gt;</a>&nbsp;&nbsp;&nbsp;Get_Blow_Ratio_Via_Via_Press_DiffAdc_Sub
<LI><a href="#[326]">&gt;&gt;</a>&nbsp;&nbsp;&nbsp;Get_Actual_Volume_Config
<LI><a href="#[325]">&gt;&gt;</a>&nbsp;&nbsp;&nbsp;Get_Actual_LcdBackLight_Percent
<LI><a href="#[4e5]">&gt;&gt;</a>&nbsp;&nbsp;&nbsp;_Updata_Temperature
<LI><a href="#[4d7]">&gt;&gt;</a>&nbsp;&nbsp;&nbsp;_Create
<LI><a href="#[4ce]">&gt;&gt;</a>&nbsp;&nbsp;&nbsp;_Draw_Grid
</UL>

<P><STRONG><a name="[ec]"></a>__aeabi_fsub</STRONG> (Thumb, 6 bytes, Stack size 0 bytes, fadd.o(.text))
<BR><BR>[Calls]<UL><LI><a href="#[e9]">&gt;&gt;</a>&nbsp;&nbsp;&nbsp;__aeabi_fadd
</UL>
<BR>[Called By]<UL><LI><a href="#[1b4]">&gt;&gt;</a>&nbsp;&nbsp;&nbsp;Get_Zero_Intergral_Calibrate_Coefficient
<LI><a href="#[323]">&gt;&gt;</a>&nbsp;&nbsp;&nbsp;GetRealAlcValue
<LI><a href="#[140]">&gt;&gt;</a>&nbsp;&nbsp;&nbsp;Alc_Adc_Temperature_Calibration
<LI><a href="#[42e]">&gt;&gt;</a>&nbsp;&nbsp;&nbsp;Temperature_Calibrate
<LI><a href="#[1b3]">&gt;&gt;</a>&nbsp;&nbsp;&nbsp;Calculate_Alcohol_Concentration
</UL>

<P><STRONG><a name="[ed]"></a>__aeabi_frsub</STRONG> (Thumb, 6 bytes, Stack size 0 bytes, fadd.o(.text))
<BR><BR>[Calls]<UL><LI><a href="#[e9]">&gt;&gt;</a>&nbsp;&nbsp;&nbsp;__aeabi_fadd
</UL>
<BR>[Called By]<UL><LI><a href="#[40a]">&gt;&gt;</a>&nbsp;&nbsp;&nbsp;_Inhaling
<LI><a href="#[1f9]">&gt;&gt;</a>&nbsp;&nbsp;&nbsp;DisplayContentFormat
<LI><a href="#[3da]">&gt;&gt;</a>&nbsp;&nbsp;&nbsp;PrintData
<LI><a href="#[4ce]">&gt;&gt;</a>&nbsp;&nbsp;&nbsp;_Draw_Grid
</UL>

<P><STRONG><a name="[130]"></a>__aeabi_fmul</STRONG> (Thumb, 100 bytes, Stack size 0 bytes, fmul.o(.text))
<BR><BR>[Called By]<UL><LI><a href="#[137]">&gt;&gt;</a>&nbsp;&nbsp;&nbsp;Get_Temperature_Via_Adc
<LI><a href="#[12f]">&gt;&gt;</a>&nbsp;&nbsp;&nbsp;Adc_Get_Battery_Voltage
<LI><a href="#[438]">&gt;&gt;</a>&nbsp;&nbsp;&nbsp;Uart_Cmd_Set_Alc_Calibration
<LI><a href="#[1b4]">&gt;&gt;</a>&nbsp;&nbsp;&nbsp;Get_Zero_Intergral_Calibrate_Coefficient
<LI><a href="#[323]">&gt;&gt;</a>&nbsp;&nbsp;&nbsp;GetRealAlcValue
<LI><a href="#[40a]">&gt;&gt;</a>&nbsp;&nbsp;&nbsp;_Inhaling
<LI><a href="#[140]">&gt;&gt;</a>&nbsp;&nbsp;&nbsp;Alc_Adc_Temperature_Calibration
<LI><a href="#[42e]">&gt;&gt;</a>&nbsp;&nbsp;&nbsp;Temperature_Calibrate
<LI><a href="#[1b3]">&gt;&gt;</a>&nbsp;&nbsp;&nbsp;Calculate_Alcohol_Concentration
<LI><a href="#[329]">&gt;&gt;</a>&nbsp;&nbsp;&nbsp;Get_Blow_Ratio_Via_Via_Press_DiffAdc_Sub
<LI><a href="#[328]">&gt;&gt;</a>&nbsp;&nbsp;&nbsp;Get_Blow_Ratio_Via_Press_DiffAdc
<LI><a href="#[1fb]">&gt;&gt;</a>&nbsp;&nbsp;&nbsp;Get_Final_Convert_Display_Result
<LI><a href="#[32c]">&gt;&gt;</a>&nbsp;&nbsp;&nbsp;Get_Convert_Value_From_AnyUnit
<LI><a href="#[326]">&gt;&gt;</a>&nbsp;&nbsp;&nbsp;Get_Actual_Volume_Config
<LI><a href="#[325]">&gt;&gt;</a>&nbsp;&nbsp;&nbsp;Get_Actual_LcdBackLight_Percent
<LI><a href="#[1f9]">&gt;&gt;</a>&nbsp;&nbsp;&nbsp;DisplayContentFormat
<LI><a href="#[3da]">&gt;&gt;</a>&nbsp;&nbsp;&nbsp;PrintData
<LI><a href="#[4e5]">&gt;&gt;</a>&nbsp;&nbsp;&nbsp;_Updata_Temperature
<LI><a href="#[201]">&gt;&gt;</a>&nbsp;&nbsp;&nbsp;Display_Calibration_Result
<LI><a href="#[405]">&gt;&gt;</a>&nbsp;&nbsp;&nbsp;Save_Calibrate_Result
<LI><a href="#[4ce]">&gt;&gt;</a>&nbsp;&nbsp;&nbsp;_Draw_Grid
</UL>

<P><STRONG><a name="[ee]"></a>__aeabi_fdiv</STRONG> (Thumb, 124 bytes, Stack size 0 bytes, fdiv.o(.text))
<BR><BR>[Calls]<UL><LI><a href="#[eb]">&gt;&gt;</a>&nbsp;&nbsp;&nbsp;_float_round
</UL>
<BR>[Called By]<UL><LI><a href="#[137]">&gt;&gt;</a>&nbsp;&nbsp;&nbsp;Get_Temperature_Via_Adc
<LI><a href="#[370]">&gt;&gt;</a>&nbsp;&nbsp;&nbsp;Lcd_Back_Light_Pwm_Pulse_Config
<LI><a href="#[438]">&gt;&gt;</a>&nbsp;&nbsp;&nbsp;Uart_Cmd_Set_Alc_Calibration
<LI><a href="#[1b4]">&gt;&gt;</a>&nbsp;&nbsp;&nbsp;Get_Zero_Intergral_Calibrate_Coefficient
<LI><a href="#[323]">&gt;&gt;</a>&nbsp;&nbsp;&nbsp;GetRealAlcValue
<LI><a href="#[40a]">&gt;&gt;</a>&nbsp;&nbsp;&nbsp;_Inhaling
<LI><a href="#[40b]">&gt;&gt;</a>&nbsp;&nbsp;&nbsp;_FinishTest
<LI><a href="#[140]">&gt;&gt;</a>&nbsp;&nbsp;&nbsp;Alc_Adc_Temperature_Calibration
<LI><a href="#[42e]">&gt;&gt;</a>&nbsp;&nbsp;&nbsp;Temperature_Calibrate
<LI><a href="#[1b3]">&gt;&gt;</a>&nbsp;&nbsp;&nbsp;Calculate_Alcohol_Concentration
<LI><a href="#[329]">&gt;&gt;</a>&nbsp;&nbsp;&nbsp;Get_Blow_Ratio_Via_Via_Press_DiffAdc_Sub
<LI><a href="#[328]">&gt;&gt;</a>&nbsp;&nbsp;&nbsp;Get_Blow_Ratio_Via_Press_DiffAdc
<LI><a href="#[40d]">&gt;&gt;</a>&nbsp;&nbsp;&nbsp;_Start
<LI><a href="#[1fb]">&gt;&gt;</a>&nbsp;&nbsp;&nbsp;Get_Final_Convert_Display_Result
<LI><a href="#[32c]">&gt;&gt;</a>&nbsp;&nbsp;&nbsp;Get_Convert_Value_From_AnyUnit
<LI><a href="#[326]">&gt;&gt;</a>&nbsp;&nbsp;&nbsp;Get_Actual_Volume_Config
<LI><a href="#[325]">&gt;&gt;</a>&nbsp;&nbsp;&nbsp;Get_Actual_LcdBackLight_Percent
<LI><a href="#[4e5]">&gt;&gt;</a>&nbsp;&nbsp;&nbsp;_Updata_Temperature
<LI><a href="#[417]">&gt;&gt;</a>&nbsp;&nbsp;&nbsp;Set_BlowTime_Text
<LI><a href="#[201]">&gt;&gt;</a>&nbsp;&nbsp;&nbsp;Display_Calibration_Result
<LI><a href="#[4d7]">&gt;&gt;</a>&nbsp;&nbsp;&nbsp;_Create
<LI><a href="#[405]">&gt;&gt;</a>&nbsp;&nbsp;&nbsp;Save_Calibrate_Result
<LI><a href="#[4ce]">&gt;&gt;</a>&nbsp;&nbsp;&nbsp;_Draw_Grid
</UL>

<P><STRONG><a name="[134]"></a>__ARM_scalbnf</STRONG> (Thumb, 24 bytes, Stack size 0 bytes, fscalb.o(.text))
<BR><BR>[Called By]<UL><LI><a href="#[131]">&gt;&gt;</a>&nbsp;&nbsp;&nbsp;Adc_Get_Battery_Volume
</UL>

<P><STRONG><a name="[ef]"></a>__aeabi_dadd</STRONG> (Thumb, 322 bytes, Stack size 0 bytes, dadd.o(.text))
<BR><BR>[Calls]<UL><LI><a href="#[f1]">&gt;&gt;</a>&nbsp;&nbsp;&nbsp;__aeabi_lasr
<LI><a href="#[f0]">&gt;&gt;</a>&nbsp;&nbsp;&nbsp;__aeabi_llsl
<LI><a href="#[f3]">&gt;&gt;</a>&nbsp;&nbsp;&nbsp;_double_round
<LI><a href="#[f2]">&gt;&gt;</a>&nbsp;&nbsp;&nbsp;_double_epilogue
</UL>
<BR>[Called By]<UL><LI><a href="#[f4]">&gt;&gt;</a>&nbsp;&nbsp;&nbsp;__aeabi_dsub
<LI><a href="#[f5]">&gt;&gt;</a>&nbsp;&nbsp;&nbsp;__aeabi_drsub
<LI><a href="#[131]">&gt;&gt;</a>&nbsp;&nbsp;&nbsp;Adc_Get_Battery_Volume
<LI><a href="#[411]">&gt;&gt;</a>&nbsp;&nbsp;&nbsp;_Blowing
<LI><a href="#[145]">&gt;&gt;</a>&nbsp;&nbsp;&nbsp;Alcohol_Sensor_AD_Integral
<LI><a href="#[531]">&gt;&gt;</a>&nbsp;&nbsp;&nbsp;_fp_digits
</UL>

<P><STRONG><a name="[f4]"></a>__aeabi_dsub</STRONG> (Thumb, 6 bytes, Stack size 0 bytes, dadd.o(.text))
<BR><BR>[Calls]<UL><LI><a href="#[ef]">&gt;&gt;</a>&nbsp;&nbsp;&nbsp;__aeabi_dadd
</UL>
<BR>[Called By]<UL><LI><a href="#[131]">&gt;&gt;</a>&nbsp;&nbsp;&nbsp;Adc_Get_Battery_Volume
</UL>

<P><STRONG><a name="[f5]"></a>__aeabi_drsub</STRONG> (Thumb, 6 bytes, Stack size 0 bytes, dadd.o(.text))
<BR><BR>[Calls]<UL><LI><a href="#[ef]">&gt;&gt;</a>&nbsp;&nbsp;&nbsp;__aeabi_dadd
</UL>
<BR>[Called By]<UL><LI><a href="#[131]">&gt;&gt;</a>&nbsp;&nbsp;&nbsp;Adc_Get_Battery_Volume
<LI><a href="#[40a]">&gt;&gt;</a>&nbsp;&nbsp;&nbsp;_Inhaling
</UL>

<P><STRONG><a name="[f6]"></a>__aeabi_dmul</STRONG> (Thumb, 228 bytes, Stack size 0 bytes, dmul.o(.text))
<BR><BR>[Calls]<UL><LI><a href="#[f2]">&gt;&gt;</a>&nbsp;&nbsp;&nbsp;_double_epilogue
</UL>
<BR>[Called By]<UL><LI><a href="#[1b5]">&gt;&gt;</a>&nbsp;&nbsp;&nbsp;Calibrate_Adjust
<LI><a href="#[411]">&gt;&gt;</a>&nbsp;&nbsp;&nbsp;_Blowing
<LI><a href="#[145]">&gt;&gt;</a>&nbsp;&nbsp;&nbsp;Alcohol_Sensor_AD_Integral
<LI><a href="#[35a]">&gt;&gt;</a>&nbsp;&nbsp;&nbsp;Lcd_Back_Light_Pwm_Init
<LI><a href="#[109]">&gt;&gt;</a>&nbsp;&nbsp;&nbsp;_fp_value
<LI><a href="#[531]">&gt;&gt;</a>&nbsp;&nbsp;&nbsp;_fp_digits
</UL>

<P><STRONG><a name="[f7]"></a>__aeabi_i2f</STRONG> (Thumb, 18 bytes, Stack size 0 bytes, fflti.o(.text))
<BR><BR>[Calls]<UL><LI><a href="#[ea]">&gt;&gt;</a>&nbsp;&nbsp;&nbsp;_float_epilogue
</UL>
<BR>[Called By]<UL><LI><a href="#[137]">&gt;&gt;</a>&nbsp;&nbsp;&nbsp;Get_Temperature_Via_Adc
<LI><a href="#[12f]">&gt;&gt;</a>&nbsp;&nbsp;&nbsp;Adc_Get_Battery_Voltage
<LI><a href="#[1b4]">&gt;&gt;</a>&nbsp;&nbsp;&nbsp;Get_Zero_Intergral_Calibrate_Coefficient
<LI><a href="#[40a]">&gt;&gt;</a>&nbsp;&nbsp;&nbsp;_Inhaling
<LI><a href="#[140]">&gt;&gt;</a>&nbsp;&nbsp;&nbsp;Alc_Adc_Temperature_Calibration
<LI><a href="#[329]">&gt;&gt;</a>&nbsp;&nbsp;&nbsp;Get_Blow_Ratio_Via_Via_Press_DiffAdc_Sub
<LI><a href="#[1f9]">&gt;&gt;</a>&nbsp;&nbsp;&nbsp;DisplayContentFormat
<LI><a href="#[3da]">&gt;&gt;</a>&nbsp;&nbsp;&nbsp;PrintData
<LI><a href="#[4ce]">&gt;&gt;</a>&nbsp;&nbsp;&nbsp;_Draw_Grid
</UL>

<P><STRONG><a name="[f8]"></a>__aeabi_ui2f</STRONG> (Thumb, 10 bytes, Stack size 0 bytes, ffltui.o(.text))
<BR><BR>[Calls]<UL><LI><a href="#[ea]">&gt;&gt;</a>&nbsp;&nbsp;&nbsp;_float_epilogue
</UL>
<BR>[Called By]<UL><LI><a href="#[370]">&gt;&gt;</a>&nbsp;&nbsp;&nbsp;Lcd_Back_Light_Pwm_Pulse_Config
<LI><a href="#[438]">&gt;&gt;</a>&nbsp;&nbsp;&nbsp;Uart_Cmd_Set_Alc_Calibration
<LI><a href="#[40a]">&gt;&gt;</a>&nbsp;&nbsp;&nbsp;_Inhaling
<LI><a href="#[40b]">&gt;&gt;</a>&nbsp;&nbsp;&nbsp;_FinishTest
<LI><a href="#[140]">&gt;&gt;</a>&nbsp;&nbsp;&nbsp;Alc_Adc_Temperature_Calibration
<LI><a href="#[1b3]">&gt;&gt;</a>&nbsp;&nbsp;&nbsp;Calculate_Alcohol_Concentration
<LI><a href="#[328]">&gt;&gt;</a>&nbsp;&nbsp;&nbsp;Get_Blow_Ratio_Via_Press_DiffAdc
<LI><a href="#[40d]">&gt;&gt;</a>&nbsp;&nbsp;&nbsp;_Start
<LI><a href="#[1fb]">&gt;&gt;</a>&nbsp;&nbsp;&nbsp;Get_Final_Convert_Display_Result
<LI><a href="#[32c]">&gt;&gt;</a>&nbsp;&nbsp;&nbsp;Get_Convert_Value_From_AnyUnit
<LI><a href="#[326]">&gt;&gt;</a>&nbsp;&nbsp;&nbsp;Get_Actual_Volume_Config
<LI><a href="#[325]">&gt;&gt;</a>&nbsp;&nbsp;&nbsp;Get_Actual_LcdBackLight_Percent
<LI><a href="#[417]">&gt;&gt;</a>&nbsp;&nbsp;&nbsp;Set_BlowTime_Text
<LI><a href="#[201]">&gt;&gt;</a>&nbsp;&nbsp;&nbsp;Display_Calibration_Result
<LI><a href="#[4d7]">&gt;&gt;</a>&nbsp;&nbsp;&nbsp;_Create
<LI><a href="#[405]">&gt;&gt;</a>&nbsp;&nbsp;&nbsp;Save_Calibrate_Result
<LI><a href="#[4ce]">&gt;&gt;</a>&nbsp;&nbsp;&nbsp;_Draw_Grid
</UL>

<P><STRONG><a name="[f9]"></a>__aeabi_i2d</STRONG> (Thumb, 34 bytes, Stack size 0 bytes, dflti.o(.text))
<BR><BR>[Calls]<UL><LI><a href="#[f2]">&gt;&gt;</a>&nbsp;&nbsp;&nbsp;_double_epilogue
</UL>
<BR>[Called By]<UL><LI><a href="#[411]">&gt;&gt;</a>&nbsp;&nbsp;&nbsp;_Blowing
</UL>

<P><STRONG><a name="[fa]"></a>__aeabi_ui2d</STRONG> (Thumb, 26 bytes, Stack size 0 bytes, dfltui.o(.text))
<BR><BR>[Calls]<UL><LI><a href="#[f2]">&gt;&gt;</a>&nbsp;&nbsp;&nbsp;_double_epilogue
</UL>
<BR>[Called By]<UL><LI><a href="#[1b5]">&gt;&gt;</a>&nbsp;&nbsp;&nbsp;Calibrate_Adjust
<LI><a href="#[40a]">&gt;&gt;</a>&nbsp;&nbsp;&nbsp;_Inhaling
<LI><a href="#[145]">&gt;&gt;</a>&nbsp;&nbsp;&nbsp;Alcohol_Sensor_AD_Integral
<LI><a href="#[405]">&gt;&gt;</a>&nbsp;&nbsp;&nbsp;Save_Calibrate_Result
<LI><a href="#[35a]">&gt;&gt;</a>&nbsp;&nbsp;&nbsp;Lcd_Back_Light_Pwm_Init
</UL>

<P><STRONG><a name="[1fe]"></a>__aeabi_f2iz</STRONG> (Thumb, 50 bytes, Stack size 0 bytes, ffixi.o(.text))
<BR><BR>[Called By]<UL><LI><a href="#[40d]">&gt;&gt;</a>&nbsp;&nbsp;&nbsp;_Start
<LI><a href="#[1fc]">&gt;&gt;</a>&nbsp;&nbsp;&nbsp;Get_Format_Alc_Convert_String
<LI><a href="#[1f9]">&gt;&gt;</a>&nbsp;&nbsp;&nbsp;DisplayContentFormat
<LI><a href="#[3da]">&gt;&gt;</a>&nbsp;&nbsp;&nbsp;PrintData
<LI><a href="#[4e5]">&gt;&gt;</a>&nbsp;&nbsp;&nbsp;_Updata_Temperature
<LI><a href="#[4ce]">&gt;&gt;</a>&nbsp;&nbsp;&nbsp;_Draw_Grid
<LI><a href="#[3ea]">&gt;&gt;</a>&nbsp;&nbsp;&nbsp;Record_Basic_Init
</UL>

<P><STRONG><a name="[144]"></a>__aeabi_f2uiz</STRONG> (Thumb, 40 bytes, Stack size 0 bytes, ffixui.o(.text))
<BR><BR>[Called By]<UL><LI><a href="#[370]">&gt;&gt;</a>&nbsp;&nbsp;&nbsp;Lcd_Back_Light_Pwm_Pulse_Config
<LI><a href="#[438]">&gt;&gt;</a>&nbsp;&nbsp;&nbsp;Uart_Cmd_Set_Alc_Calibration
<LI><a href="#[140]">&gt;&gt;</a>&nbsp;&nbsp;&nbsp;Alc_Adc_Temperature_Calibration
<LI><a href="#[1b3]">&gt;&gt;</a>&nbsp;&nbsp;&nbsp;Calculate_Alcohol_Concentration
<LI><a href="#[329]">&gt;&gt;</a>&nbsp;&nbsp;&nbsp;Get_Blow_Ratio_Via_Via_Press_DiffAdc_Sub
<LI><a href="#[326]">&gt;&gt;</a>&nbsp;&nbsp;&nbsp;Get_Actual_Volume_Config
<LI><a href="#[325]">&gt;&gt;</a>&nbsp;&nbsp;&nbsp;Get_Actual_LcdBackLight_Percent
<LI><a href="#[201]">&gt;&gt;</a>&nbsp;&nbsp;&nbsp;Display_Calibration_Result
<LI><a href="#[405]">&gt;&gt;</a>&nbsp;&nbsp;&nbsp;Save_Calibrate_Result
</UL>

<P><STRONG><a name="[143]"></a>__aeabi_cfcmple</STRONG> (Thumb, 20 bytes, Stack size 0 bytes, cfcmple.o(.text))
<BR><BR>[Called By]<UL><LI><a href="#[1b4]">&gt;&gt;</a>&nbsp;&nbsp;&nbsp;Get_Zero_Intergral_Calibrate_Coefficient
<LI><a href="#[323]">&gt;&gt;</a>&nbsp;&nbsp;&nbsp;GetRealAlcValue
<LI><a href="#[40b]">&gt;&gt;</a>&nbsp;&nbsp;&nbsp;_FinishTest
<LI><a href="#[140]">&gt;&gt;</a>&nbsp;&nbsp;&nbsp;Alc_Adc_Temperature_Calibration
<LI><a href="#[42e]">&gt;&gt;</a>&nbsp;&nbsp;&nbsp;Temperature_Calibrate
</UL>

<P><STRONG><a name="[105]"></a>__rt_ctype_table</STRONG> (Thumb, 4 bytes, Stack size 0 bytes, ctype_o.o(.text))
<BR><BR>[Called By]<UL><LI><a href="#[4b]">&gt;&gt;</a>&nbsp;&nbsp;&nbsp;isspace
<LI><a href="#[e8]">&gt;&gt;</a>&nbsp;&nbsp;&nbsp;strtol
</UL>

<P><STRONG><a name="[fb]"></a>__aeabi_ddiv</STRONG> (Thumb, 222 bytes, Stack size 0 bytes, ddiv.o(.text))
<BR><BR>[Calls]<UL><LI><a href="#[f3]">&gt;&gt;</a>&nbsp;&nbsp;&nbsp;_double_round
</UL>
<BR>[Called By]<UL><LI><a href="#[1b5]">&gt;&gt;</a>&nbsp;&nbsp;&nbsp;Calibrate_Adjust
<LI><a href="#[40a]">&gt;&gt;</a>&nbsp;&nbsp;&nbsp;_Inhaling
<LI><a href="#[328]">&gt;&gt;</a>&nbsp;&nbsp;&nbsp;Get_Blow_Ratio_Via_Press_DiffAdc
<LI><a href="#[411]">&gt;&gt;</a>&nbsp;&nbsp;&nbsp;_Blowing
<LI><a href="#[405]">&gt;&gt;</a>&nbsp;&nbsp;&nbsp;Save_Calibrate_Result
<LI><a href="#[109]">&gt;&gt;</a>&nbsp;&nbsp;&nbsp;_fp_value
<LI><a href="#[531]">&gt;&gt;</a>&nbsp;&nbsp;&nbsp;_fp_digits
</UL>

<P><STRONG><a name="[fc]"></a>__aeabi_d2iz</STRONG> (Thumb, 62 bytes, Stack size 0 bytes, dfixi.o(.text))
<BR><BR>[Calls]<UL><LI><a href="#[fd]">&gt;&gt;</a>&nbsp;&nbsp;&nbsp;__aeabi_llsr
</UL>
<BR>[Called By]<UL><LI><a href="#[411]">&gt;&gt;</a>&nbsp;&nbsp;&nbsp;_Blowing
</UL>

<P><STRONG><a name="[fe]"></a>__aeabi_d2uiz</STRONG> (Thumb, 50 bytes, Stack size 0 bytes, dfixui.o(.text))
<BR><BR>[Calls]<UL><LI><a href="#[fd]">&gt;&gt;</a>&nbsp;&nbsp;&nbsp;__aeabi_llsr
</UL>
<BR>[Called By]<UL><LI><a href="#[40a]">&gt;&gt;</a>&nbsp;&nbsp;&nbsp;_Inhaling
<LI><a href="#[145]">&gt;&gt;</a>&nbsp;&nbsp;&nbsp;Alcohol_Sensor_AD_Integral
<LI><a href="#[405]">&gt;&gt;</a>&nbsp;&nbsp;&nbsp;Save_Calibrate_Result
<LI><a href="#[35a]">&gt;&gt;</a>&nbsp;&nbsp;&nbsp;Lcd_Back_Light_Pwm_Init
</UL>

<P><STRONG><a name="[132]"></a>__aeabi_f2d</STRONG> (Thumb, 38 bytes, Stack size 0 bytes, f2d.o(.text))
<BR><BR>[Called By]<UL><LI><a href="#[131]">&gt;&gt;</a>&nbsp;&nbsp;&nbsp;Adc_Get_Battery_Volume
<LI><a href="#[32f]">&gt;&gt;</a>&nbsp;&nbsp;&nbsp;Result_DataPacket
<LI><a href="#[32d]">&gt;&gt;</a>&nbsp;&nbsp;&nbsp;Get_Request_DataPacket
<LI><a href="#[286]">&gt;&gt;</a>&nbsp;&nbsp;&nbsp;Get_HeartRate_First_Data
<LI><a href="#[287]">&gt;&gt;</a>&nbsp;&nbsp;&nbsp;Get_HeartRate_Data
<LI><a href="#[1b5]">&gt;&gt;</a>&nbsp;&nbsp;&nbsp;Calibrate_Adjust
<LI><a href="#[40a]">&gt;&gt;</a>&nbsp;&nbsp;&nbsp;_Inhaling
<LI><a href="#[328]">&gt;&gt;</a>&nbsp;&nbsp;&nbsp;Get_Blow_Ratio_Via_Press_DiffAdc
<LI><a href="#[414]">&gt;&gt;</a>&nbsp;&nbsp;&nbsp;_Processing
<LI><a href="#[411]">&gt;&gt;</a>&nbsp;&nbsp;&nbsp;_Blowing
<LI><a href="#[1fc]">&gt;&gt;</a>&nbsp;&nbsp;&nbsp;Get_Format_Alc_Convert_String
<LI><a href="#[166]">&gt;&gt;</a>&nbsp;&nbsp;&nbsp;Data_Init
<LI><a href="#[1f9]">&gt;&gt;</a>&nbsp;&nbsp;&nbsp;DisplayContentFormat
<LI><a href="#[3da]">&gt;&gt;</a>&nbsp;&nbsp;&nbsp;PrintData
<LI><a href="#[4e6]">&gt;&gt;</a>&nbsp;&nbsp;&nbsp;_UpdateCalibrateValue
<LI><a href="#[4e4]">&gt;&gt;</a>&nbsp;&nbsp;&nbsp;_Create
<LI><a href="#[50]">&gt;&gt;</a>&nbsp;&nbsp;&nbsp;_Callback
[...]
<LI><a href="#[37c]">&gt;&gt;</a>&nbsp;&nbsp;&nbsp;WM_GetScrollbarV
<LI><a href="#[47a]">&gt;&gt;</a>&nbsp;&nbsp;&nbsp;WM_GetWindowRectEx
<LI><a href="#[4c5]">&gt;&gt;</a>&nbsp;&nbsp;&nbsp;WIDGET__GetYSize
<LI><a href="#[4c4]">&gt;&gt;</a>&nbsp;&nbsp;&nbsp;WIDGET__GetXSize
</UL>
<BR>[Called By]<UL><LI><a href="#[3ef]">&gt;&gt;</a>&nbsp;&nbsp;&nbsp;_Paint
<LI><a href="#[3f0]">&gt;&gt;</a>&nbsp;&nbsp;&nbsp;_OnTouch
</UL>

<P><STRONG><a name="[51a]"></a>_DrawTriangle</STRONG> (Thumb, 64 bytes, Stack size 0 bytes, scrollbar.o(i._DrawTriangle))
<BR><BR>[Calls]<UL><LI><a href="#[2d2]">&gt;&gt;</a>&nbsp;&nbsp;&nbsp;GUI_DrawVLine
<LI><a href="#[2cf]">&gt;&gt;</a>&nbsp;&nbsp;&nbsp;GUI_DrawHLine
</UL>
<BR>[Called By]<UL><LI><a href="#[3ef]">&gt;&gt;</a>&nbsp;&nbsp;&nbsp;_Paint
</UL>

<P><STRONG><a name="[3f0]"></a>_OnTouch</STRONG> (Thumb, 216 bytes, Stack size 0 bytes, scrollbar.o(i._OnTouch))
<BR><BR>[Calls]<UL><LI><a href="#[192]">&gt;&gt;</a>&nbsp;&nbsp;&nbsp;WIDGET_AndState
<LI><a href="#[212]">&gt;&gt;</a>&nbsp;&nbsp;&nbsp;WM_NotifyParent
<LI><a href="#[4c6]">&gt;&gt;</a>&nbsp;&nbsp;&nbsp;GUI__DivideRound
<LI><a href="#[497]">&gt;&gt;</a>&nbsp;&nbsp;&nbsp;WM_SetCapture
<LI><a href="#[191]">&gt;&gt;</a>&nbsp;&nbsp;&nbsp;WIDGET_OrState
<LI><a href="#[4c3]">&gt;&gt;</a>&nbsp;&nbsp;&nbsp;_CalcPositions
<LI><a href="#[3ed]">&gt;&gt;</a>&nbsp;&nbsp;&nbsp;SCROLLBAR_SetValue
</UL>
<BR>[Called By]<UL><LI><a href="#[71]">&gt;&gt;</a>&nbsp;&nbsp;&nbsp;SCROLLBAR_Callback
</UL>

<P><STRONG><a name="[3ef]"></a>_Paint</STRONG> (Thumb, 344 bytes, Stack size 0 bytes, scrollbar.o(i._Paint))
<BR><BR>[Calls]<UL><LI><a href="#[2e6]">&gt;&gt;</a>&nbsp;&nbsp;&nbsp;LCD_SetColor
<LI><a href="#[456]">&gt;&gt;</a>&nbsp;&nbsp;&nbsp;WIDGET__EFFECT_DrawUpRect
<LI><a href="#[51a]">&gt;&gt;</a>&nbsp;&nbsp;&nbsp;_DrawTriangle
<LI><a href="#[4c3]">&gt;&gt;</a>&nbsp;&nbsp;&nbsp;_CalcPositions
<LI><a href="#[45a]">&gt;&gt;</a>&nbsp;&nbsp;&nbsp;WIDGET__GetClientRect
<LI><a href="#[457]">&gt;&gt;</a>&nbsp;&nbsp;&nbsp;WIDGET__FillRectEx
</UL>
<BR>[Called By]<UL><LI><a href="#[71]">&gt;&gt;</a>&nbsp;&nbsp;&nbsp;SCROLLBAR_Callback
</UL>

<P><STRONG><a name="[3f9]"></a>_OnTouch</STRONG> (Thumb, 206 bytes, Stack size 0 bytes, slider.o(i._OnTouch))
<BR><BR>[Calls]<UL><LI><a href="#[192]">&gt;&gt;</a>&nbsp;&nbsp;&nbsp;WIDGET_AndState
<LI><a href="#[403]">&gt;&gt;</a>&nbsp;&nbsp;&nbsp;SLIDER_SetValue
<LI><a href="#[212]">&gt;&gt;</a>&nbsp;&nbsp;&nbsp;WM_NotifyParent
<LI><a href="#[44a]">&gt;&gt;</a>&nbsp;&nbsp;&nbsp;WM_SetFocus
<LI><a href="#[497]">&gt;&gt;</a>&nbsp;&nbsp;&nbsp;WM_SetCapture
<LI><a href="#[191]">&gt;&gt;</a>&nbsp;&nbsp;&nbsp;WIDGET_OrState
<LI><a href="#[45c]">&gt;&gt;</a>&nbsp;&nbsp;&nbsp;WIDGET__GetWindowSizeX
<LI><a href="#[48e]">&gt;&gt;</a>&nbsp;&nbsp;&nbsp;WM_IsFocussable
</UL>
<BR>[Called By]<UL><LI><a href="#[72]">&gt;&gt;</a>&nbsp;&nbsp;&nbsp;SLIDER_Callback
</UL>

<P><STRONG><a name="[3f8]"></a>_Paint</STRONG> (Thumb, 304 bytes, Stack size 0 bytes, slider.o(i._Paint))
<BR><BR>[Calls]<UL><LI><a href="#[2b6]">&gt;&gt;</a>&nbsp;&nbsp;&nbsp;GUI_Clear
<LI><a href="#[2e6]">&gt;&gt;</a>&nbsp;&nbsp;&nbsp;LCD_SetColor
<LI><a href="#[2e5]">&gt;&gt;</a>&nbsp;&nbsp;&nbsp;LCD_SetBkColor
<LI><a href="#[2ce]">&gt;&gt;</a>&nbsp;&nbsp;&nbsp;GUI__ReduceRect
<LI><a href="#[456]">&gt;&gt;</a>&nbsp;&nbsp;&nbsp;WIDGET__EFFECT_DrawUpRect
<LI><a href="#[429]">&gt;&gt;</a>&nbsp;&nbsp;&nbsp;WM_GetHasTrans
<LI><a href="#[454]">&gt;&gt;</a>&nbsp;&nbsp;&nbsp;WIDGET__EFFECT_DrawDownRect
<LI><a href="#[453]">&gt;&gt;</a>&nbsp;&nbsp;&nbsp;WIDGET__DrawVLine
<LI><a href="#[451]">&gt;&gt;</a>&nbsp;&nbsp;&nbsp;WIDGET__DrawFocusRect
<LI><a href="#[45a]">&gt;&gt;</a>&nbsp;&nbsp;&nbsp;WIDGET__GetClientRect
<LI><a href="#[457]">&gt;&gt;</a>&nbsp;&nbsp;&nbsp;WIDGET__FillRectEx
</UL>
<BR>[Called By]<UL><LI><a href="#[72]">&gt;&gt;</a>&nbsp;&nbsp;&nbsp;SLIDER_Callback
</UL>

<P><STRONG><a name="[455]"></a>_EffectRequiresRedraw</STRONG> (Thumb, 86 bytes, Stack size 0 bytes, widget.o(i._EffectRequiresRedraw))
<BR><BR>[Calls]<UL><LI><a href="#[4aa]">&gt;&gt;</a>&nbsp;&nbsp;&nbsp;WM__Screen2Client
</UL>
<BR>[Called By]<UL><LI><a href="#[456]">&gt;&gt;</a>&nbsp;&nbsp;&nbsp;WIDGET__EFFECT_DrawUpRect
<LI><a href="#[454]">&gt;&gt;</a>&nbsp;&nbsp;&nbsp;WIDGET__EFFECT_DrawDownRect
</UL>

<P><STRONG><a name="[d3]"></a>_WIDGET_EFFECT_3D_DrawDown</STRONG> (Thumb, 16 bytes, Stack size 0 bytes, widget_effect_3d.o(i._WIDGET_EFFECT_3D_DrawDown))
<BR><BR>[Calls]<UL><LI><a href="#[2db]">&gt;&gt;</a>&nbsp;&nbsp;&nbsp;WM_GetClientRect
<LI><a href="#[d5]">&gt;&gt;</a>&nbsp;&nbsp;&nbsp;_WIDGET_EFFECT_3D_DrawDownRect
</UL>
<BR>[Address Reference Count : 1]<UL><LI> widget_effect_3d.o(.constdata)
</UL>
<P><STRONG><a name="[d5]"></a>_WIDGET_EFFECT_3D_DrawDownRect</STRONG> (Thumb, 132 bytes, Stack size 0 bytes, widget_effect_3d.o(i._WIDGET_EFFECT_3D_DrawDownRect))
<BR><BR>[Calls]<UL><LI><a href="#[2e6]">&gt;&gt;</a>&nbsp;&nbsp;&nbsp;LCD_SetColor
<LI><a href="#[2d2]">&gt;&gt;</a>&nbsp;&nbsp;&nbsp;GUI_DrawVLine
<LI><a href="#[2cf]">&gt;&gt;</a>&nbsp;&nbsp;&nbsp;GUI_DrawHLine
</UL>
<BR>[Called By]<UL><LI><a href="#[d3]">&gt;&gt;</a>&nbsp;&nbsp;&nbsp;_WIDGET_EFFECT_3D_DrawDown
</UL>
<BR>[Address Reference Count : 1]<UL><LI> widget_effect_3d.o(.constdata)
</UL>
<P><STRONG><a name="[d4]"></a>_WIDGET_EFFECT_3D_DrawUpRect</STRONG> (Thumb, 92 bytes, Stack size 0 bytes, widget_effect_3d.o(i._WIDGET_EFFECT_3D_DrawUpRect))
<BR><BR>[Calls]<UL><LI><a href="#[2e6]">&gt;&gt;</a>&nbsp;&nbsp;&nbsp;LCD_SetColor
<LI><a href="#[2d2]">&gt;&gt;</a>&nbsp;&nbsp;&nbsp;GUI_DrawVLine
<LI><a href="#[2cf]">&gt;&gt;</a>&nbsp;&nbsp;&nbsp;GUI_DrawHLine
<LI><a href="#[2d1]">&gt;&gt;</a>&nbsp;&nbsp;&nbsp;GUI_DrawRect
</UL>
<BR>[Called By]<UL><LI><a href="#[d2]">&gt;&gt;</a>&nbsp;&nbsp;&nbsp;WIDGET_EFFECT_3D_DrawUp
</UL>
<BR>[Address Reference Count : 1]<UL><LI> widget_effect_3d.o(.constdata)
</UL>
<P><STRONG><a name="[d6]"></a>_WIDGET_EFFECT_3D_GetRect</STRONG> (Thumb, 22 bytes, Stack size 0 bytes, widget_effect_3d.o(i._WIDGET_EFFECT_3D_GetRect))
<BR><BR>[Calls]<UL><LI><a href="#[2db]">&gt;&gt;</a>&nbsp;&nbsp;&nbsp;WM_GetClientRect
<LI><a href="#[2ce]">&gt;&gt;</a>&nbsp;&nbsp;&nbsp;GUI__ReduceRect
</UL>
<BR>[Address Reference Count : 1]<UL><LI> widget_effect_3d.o(.constdata)
</UL>
<P><STRONG><a name="[d8]"></a>_WIDGET_EFFECT_None_DrawDown</STRONG> (Thumb, 2 bytes, Stack size 0 bytes, widget_effect_none.o(i._WIDGET_EFFECT_None_DrawDown))
<BR>[Address Reference Count : 1]<UL><LI> widget_effect_none.o(.constdata)
</UL>
<P><STRONG><a name="[da]"></a>_WIDGET_EFFECT_None_DrawDownRect</STRONG> (Thumb, 2 bytes, Stack size 0 bytes, widget_effect_none.o(i._WIDGET_EFFECT_None_DrawDownRect))
<BR>[Address Reference Count : 1]<UL><LI> widget_effect_none.o(.constdata)
</UL>
<P><STRONG><a name="[d7]"></a>_WIDGET_EFFECT_None_DrawUp</STRONG> (Thumb, 2 bytes, Stack size 0 bytes, widget_effect_none.o(i._WIDGET_EFFECT_None_DrawUp))
<BR>[Address Reference Count : 1]<UL><LI> widget_effect_none.o(.constdata)
</UL>
<P><STRONG><a name="[d9]"></a>_WIDGET_EFFECT_None_DrawUpRect</STRONG> (Thumb, 2 bytes, Stack size 0 bytes, widget_effect_none.o(i._WIDGET_EFFECT_None_DrawUpRect))
<BR>[Address Reference Count : 1]<UL><LI> widget_effect_none.o(.constdata)
</UL>
<P><STRONG><a name="[db]"></a>_WIDGET_EFFECT_None_GetRect</STRONG> (Thumb, 4 bytes, Stack size 0 bytes, widget_effect_none.o(i._WIDGET_EFFECT_None_GetRect))
<BR><BR>[Calls]<UL><LI><a href="#[2db]">&gt;&gt;</a>&nbsp;&nbsp;&nbsp;WM_GetClientRect
</UL>
<BR>[Address Reference Count : 1]<UL><LI> widget_effect_none.o(.constdata)
</UL>
<P><STRONG><a name="[46d]"></a>_DeleteAllChildren</STRONG> (Thumb, 20 bytes, Stack size 0 bytes, wm.o(i._DeleteAllChildren))
<BR><BR>[Calls]<UL><LI><a href="#[14c]">&gt;&gt;</a>&nbsp;&nbsp;&nbsp;WM_DeleteWindow
</UL>
<BR>[Called By]<UL><LI><a href="#[14c]">&gt;&gt;</a>&nbsp;&nbsp;&nbsp;WM_DeleteWindow
</UL>

<P><STRONG><a name="[4a2]"></a>_FindNext_IVR</STRONG> (Thumb, 314 bytes, Stack size 0 bytes, wm.o(i._FindNext_IVR))
<BR><BR>[Calls]<UL><LI><a href="#[17e]">&gt;&gt;</a>&nbsp;&nbsp;&nbsp;GUI_ALLOC_h2p
<LI><a href="#[51c]">&gt;&gt;</a>&nbsp;&nbsp;&nbsp;_Findy1
<LI><a href="#[51e]">&gt;&gt;</a>&nbsp;&nbsp;&nbsp;_Findx1
<LI><a href="#[51d]">&gt;&gt;</a>&nbsp;&nbsp;&nbsp;_Findx0
</UL>
<BR>[Called By]<UL><LI><a href="#[1a4]">&gt;&gt;</a>&nbsp;&nbsp;&nbsp;WM__GetNextIVR
</UL>

<P><STRONG><a name="[51d]"></a>_Findx0</STRONG> (Thumb, 128 bytes, Stack size 0 bytes, wm.o(i._Findx0))
<BR><BR>[Calls]<UL><LI><a href="#[17e]">&gt;&gt;</a>&nbsp;&nbsp;&nbsp;GUI_ALLOC_h2p
<LI><a href="#[459]">&gt;&gt;</a>&nbsp;&nbsp;&nbsp;GUI_RectsIntersect
<LI><a href="#[2c6]">&gt;&gt;</a>&nbsp;&nbsp;&nbsp;GUI__IntersectRects
<LI><a href="#[51d]">&gt;&gt;</a>&nbsp;&nbsp;&nbsp;_Findx0
</UL>
<BR>[Called By]<UL><LI><a href="#[51d]">&gt;&gt;</a>&nbsp;&nbsp;&nbsp;_Findx0
<LI><a href="#[4a2]">&gt;&gt;</a>&nbsp;&nbsp;&nbsp;_FindNext_IVR
</UL>

<P><STRONG><a name="[51e]"></a>_Findx1</STRONG> (Thumb, 116 bytes, Stack size 0 bytes, wm.o(i._Findx1))
<BR><BR>[Calls]<UL><LI><a href="#[17e]">&gt;&gt;</a>&nbsp;&nbsp;&nbsp;GUI_ALLOC_h2p
<LI><a href="#[459]">&gt;&gt;</a>&nbsp;&nbsp;&nbsp;GUI_RectsIntersect
<LI><a href="#[2c6]">&gt;&gt;</a>&nbsp;&nbsp;&nbsp;GUI__IntersectRects
<LI><a href="#[51e]">&gt;&gt;</a>&nbsp;&nbsp;&nbsp;_Findx1
</UL>
<BR>[Called By]<UL><LI><a href="#[51e]">&gt;&gt;</a>&nbsp;&nbsp;&nbsp;_Findx1
<LI><a href="#[4a2]">&gt;&gt;</a>&nbsp;&nbsp;&nbsp;_FindNext_IVR
</UL>

<P><STRONG><a name="[51c]"></a>_Findy1</STRONG> (Thumb, 150 bytes, Stack size 0 bytes, wm.o(i._Findy1))
<BR><BR>[Calls]<UL><LI><a href="#[17e]">&gt;&gt;</a>&nbsp;&nbsp;&nbsp;GUI_ALLOC_h2p
<LI><a href="#[459]">&gt;&gt;</a>&nbsp;&nbsp;&nbsp;GUI_RectsIntersect
<LI><a href="#[2c6]">&gt;&gt;</a>&nbsp;&nbsp;&nbsp;GUI__IntersectRects
<LI><a href="#[51c]">&gt;&gt;</a>&nbsp;&nbsp;&nbsp;_Findy1
</UL>
<BR>[Called By]<UL><LI><a href="#[51c]">&gt;&gt;</a>&nbsp;&nbsp;&nbsp;_Findy1
<LI><a href="#[4a2]">&gt;&gt;</a>&nbsp;&nbsp;&nbsp;_FindNext_IVR
</UL>

<P><STRONG><a name="[4a7]"></a>_Paint1</STRONG> (Thumb, 104 bytes, Stack size 0 bytes, wm.o(i._Paint1))
<BR><BR>[Calls]<UL><LI><a href="#[1a2]">&gt;&gt;</a>&nbsp;&nbsp;&nbsp;WM__InitIVRSearch
<LI><a href="#[1a4]">&gt;&gt;</a>&nbsp;&nbsp;&nbsp;WM__GetNextIVR
<LI><a href="#[389]">&gt;&gt;</a>&nbsp;&nbsp;&nbsp;WM__SendMessage
<LI><a href="#[498]">&gt;&gt;</a>&nbsp;&nbsp;&nbsp;WM_SetDefault
</UL>
<BR>[Called By]<UL><LI><a href="#[4a6]">&gt;&gt;</a>&nbsp;&nbsp;&nbsp;WM__PaintWinAndOverlays
<LI><a href="#[4a9]">&gt;&gt;</a>&nbsp;&nbsp;&nbsp;_Paint1Trans
</UL>

<P><STRONG><a name="[4a9]"></a>_Paint1Trans</STRONG> (Thumb, 92 bytes, Stack size 0 bytes, wm.o(i._Paint1Trans))
<BR><BR>[Calls]<UL><LI><a href="#[17e]">&gt;&gt;</a>&nbsp;&nbsp;&nbsp;GUI_ALLOC_h2p
<LI><a href="#[459]">&gt;&gt;</a>&nbsp;&nbsp;&nbsp;GUI_RectsIntersect
<LI><a href="#[2c6]">&gt;&gt;</a>&nbsp;&nbsp;&nbsp;GUI__IntersectRects
<LI><a href="#[4a7]">&gt;&gt;</a>&nbsp;&nbsp;&nbsp;_Paint1
</UL>
<BR>[Called By]<UL><LI><a href="#[4a6]">&gt;&gt;</a>&nbsp;&nbsp;&nbsp;WM__PaintWinAndOverlays
<LI><a href="#[4a8]">&gt;&gt;</a>&nbsp;&nbsp;&nbsp;_PaintTransChildren
</UL>

<P><STRONG><a name="[4a8]"></a>_PaintTransChildren</STRONG> (Thumb, 110 bytes, Stack size 0 bytes, wm.o(i._PaintTransChildren))
<BR><BR>[Calls]<UL><LI><a href="#[17e]">&gt;&gt;</a>&nbsp;&nbsp;&nbsp;GUI_ALLOC_h2p
<LI><a href="#[459]">&gt;&gt;</a>&nbsp;&nbsp;&nbsp;GUI_RectsIntersect
<LI><a href="#[4a8]">&gt;&gt;</a>&nbsp;&nbsp;&nbsp;_PaintTransChildren
<LI><a href="#[4a9]">&gt;&gt;</a>&nbsp;&nbsp;&nbsp;_Paint1Trans
</UL>
<BR>[Called By]<UL><LI><a href="#[4a6]">&gt;&gt;</a>&nbsp;&nbsp;&nbsp;WM__PaintWinAndOverlays
<LI><a href="#[4a8]">&gt;&gt;</a>&nbsp;&nbsp;&nbsp;_PaintTransChildren
</UL>

<P><STRONG><a name="[4a0]"></a>_SetClipRectUserIntersect</STRONG> (Thumb, 68 bytes, Stack size 0 bytes, wm.o(i._SetClipRectUserIntersect))
<BR><BR>[Calls]<UL><LI><a href="#[17e]">&gt;&gt;</a>&nbsp;&nbsp;&nbsp;GUI_ALLOC_h2p
<LI><a href="#[489]">&gt;&gt;</a>&nbsp;&nbsp;&nbsp;GUI__IntersectRect
<LI><a href="#[373]">&gt;&gt;</a>&nbsp;&nbsp;&nbsp;LCD_SetClipRectEx
<LI><a href="#[488]">&gt;&gt;</a>&nbsp;&nbsp;&nbsp;WM__Client2Screen
</UL>
<BR>[Called By]<UL><LI><a href="#[49e]">&gt;&gt;</a>&nbsp;&nbsp;&nbsp;WM__ActivateClipRect
</UL>

<P><STRONG><a name="[76]"></a>_cbPaintMemDev</STRONG> (Thumb, 44 bytes, Stack size 0 bytes, wm.o(i._cbPaintMemDev))
<BR><BR>[Calls]<UL><LI><a href="#[17e]">&gt;&gt;</a>&nbsp;&nbsp;&nbsp;GUI_ALLOC_h2p
<LI><a href="#[4a6]">&gt;&gt;</a>&nbsp;&nbsp;&nbsp;WM__PaintWinAndOverlays
</UL>
<BR>[Address Reference Count : 1]<UL><LI> wm.o(i.WM__Paint)
</UL>
<P><STRONG><a name="[75]"></a>cbBackWin</STRONG> (Thumb, 66 bytes, Stack size 0 bytes, wm.o(i.cbBackWin))
<BR><BR>[Calls]<UL><LI><a href="#[2b6]">&gt;&gt;</a>&nbsp;&nbsp;&nbsp;GUI_Clear
<LI><a href="#[260]">&gt;&gt;</a>&nbsp;&nbsp;&nbsp;GUI_SetBkColor
<LI><a href="#[185]">&gt;&gt;</a>&nbsp;&nbsp;&nbsp;WM_DefaultProc
<LI><a href="#[301]">&gt;&gt;</a>&nbsp;&nbsp;&nbsp;GUI_StoreKey
</UL>
<BR>[Address Reference Count : 1]<UL><LI> wm.o(i.WM_Init)
</UL>
<P><STRONG><a name="[74]"></a>_cbInvalidateOne</STRONG> (Thumb, 4 bytes, Stack size 0 bytes, wm_bringtotop.o(i._cbInvalidateOne))
<BR><BR>[Calls]<UL><LI><a href="#[18f]">&gt;&gt;</a>&nbsp;&nbsp;&nbsp;WM_InvalidateWindow
</UL>
<BR>[Address Reference Count : 1]<UL><LI> wm_bringtotop.o(i.WM_BringToTop)
</UL>
<P><STRONG><a name="[476]"></a>_GetDialogItem</STRONG> (Thumb, 60 bytes, Stack size 0 bytes, wm_getdialogitem.o(i._GetDialogItem))
<BR><BR>[Calls]<UL><LI><a href="#[479]">&gt;&gt;</a>&nbsp;&nbsp;&nbsp;WM_GetId
<LI><a href="#[17e]">&gt;&gt;</a>&nbsp;&nbsp;&nbsp;GUI_ALLOC_h2p
<LI><a href="#[476]">&gt;&gt;</a>&nbsp;&nbsp;&nbsp;_GetDialogItem
</UL>
<BR>[Called By]<UL><LI><a href="#[22a]">&gt;&gt;</a>&nbsp;&nbsp;&nbsp;WM_GetDialogItem
<LI><a href="#[476]">&gt;&gt;</a>&nbsp;&nbsp;&nbsp;_GetDialogItem
</UL>

<P><STRONG><a name="[47d]"></a>_GetDefaultWin</STRONG> (Thumb, 10 bytes, Stack size 0 bytes, wm_getwindowsize.o(i._GetDefaultWin))
<BR><BR>[Calls]<UL><LI><a href="#[520]">&gt;&gt;</a>&nbsp;&nbsp;&nbsp;WM_GetActiveWindow
</UL>
<BR>[Called By]<UL><LI><a href="#[45d]">&gt;&gt;</a>&nbsp;&nbsp;&nbsp;WM_GetWindowSizeY
<LI><a href="#[21c]">&gt;&gt;</a>&nbsp;&nbsp;&nbsp;WM_GetWindowSizeX
</UL>

<P><STRONG><a name="[4a5]"></a>_MoveDescendents</STRONG> (Thumb, 72 bytes, Stack size 0 bytes, wm_move.o(i._MoveDescendents))
<BR><BR>[Calls]<UL><LI><a href="#[1a9]">&gt;&gt;</a>&nbsp;&nbsp;&nbsp;WM__SendMsgNoData
<LI><a href="#[17e]">&gt;&gt;</a>&nbsp;&nbsp;&nbsp;GUI_ALLOC_h2p
<LI><a href="#[47b]">&gt;&gt;</a>&nbsp;&nbsp;&nbsp;GUI_MoveRect
<LI><a href="#[4a5]">&gt;&gt;</a>&nbsp;&nbsp;&nbsp;_MoveDescendents
</UL>
<BR>[Called By]<UL><LI><a href="#[490]">&gt;&gt;</a>&nbsp;&nbsp;&nbsp;WM__MoveWindow
<LI><a href="#[4a5]">&gt;&gt;</a>&nbsp;&nbsp;&nbsp;_MoveDescendents
</UL>

<P><STRONG><a name="[495]"></a>_Screen2hWin</STRONG> (Thumb, 76 bytes, Stack size 0 bytes, wm_screen2win.o(i._Screen2hWin))
<BR><BR>[Calls]<UL><LI><a href="#[17e]">&gt;&gt;</a>&nbsp;&nbsp;&nbsp;GUI_ALLOC_h2p
<LI><a href="#[52c]">&gt;&gt;</a>&nbsp;&nbsp;&nbsp;WM__IsInWindow
<LI><a href="#[495]">&gt;&gt;</a>&nbsp;&nbsp;&nbsp;_Screen2hWin
</UL>
<BR>[Called By]<UL><LI><a href="#[480]">&gt;&gt;</a>&nbsp;&nbsp;&nbsp;WM_Screen2hWin
<LI><a href="#[495]">&gt;&gt;</a>&nbsp;&nbsp;&nbsp;_Screen2hWin
</UL>

<P><STRONG><a name="[493]"></a>WM__ReleaseCapture</STRONG> (Thumb, 28 bytes, Stack size 0 bytes, wm_setcapture.o(i.WM__ReleaseCapture))
<BR><BR>[Calls]<UL><LI><a href="#[389]">&gt;&gt;</a>&nbsp;&nbsp;&nbsp;WM__SendMessage
</UL>
<BR>[Called By]<UL><LI><a href="#[497]">&gt;&gt;</a>&nbsp;&nbsp;&nbsp;WM_SetCapture
<LI><a href="#[484]">&gt;&gt;</a>&nbsp;&nbsp;&nbsp;WM_ReleaseCapture
</UL>

<P><STRONG><a name="[4ac]"></a>_SetScrollbar</STRONG> (Thumb, 54 bytes, Stack size 0 bytes, wm_setscrollbar.o(i._SetScrollbar))
<BR><BR>[Calls]<UL><LI><a href="#[487]">&gt;&gt;</a>&nbsp;&nbsp;&nbsp;WM_HideWindow
<LI><a href="#[14c]">&gt;&gt;</a>&nbsp;&nbsp;&nbsp;WM_DeleteWindow
<LI><a href="#[22a]">&gt;&gt;</a>&nbsp;&nbsp;&nbsp;WM_GetDialogItem
<LI><a href="#[3f3]">&gt;&gt;</a>&nbsp;&nbsp;&nbsp;SCROLLBAR_CreateAttached
</UL>
<BR>[Called By]<UL><LI><a href="#[49d]">&gt;&gt;</a>&nbsp;&nbsp;&nbsp;WM__SetScrollbarV
<LI><a href="#[49b]">&gt;&gt;</a>&nbsp;&nbsp;&nbsp;WM__SetScrollbarH
</UL>

<P><STRONG><a name="[de]"></a>_DispLine</STRONG> (Thumb, 22 bytes, Stack size 0 bytes, unicodeex.o(i._DispLine))
<BR><BR>[Calls]<UL><LI><a href="#[1a3]">&gt;&gt;</a>&nbsp;&nbsp;&nbsp;GL_DispChar
</UL>
<BR>[Address Reference Count : 1]<UL><LI> unicodeex.o(.constdata)
</UL>
<P><STRONG><a name="[dc]"></a>_GetLineDistX</STRONG> (Thumb, 34 bytes, Stack size 0 bytes, unicodeex.o(i._GetLineDistX))
<BR><BR>[Calls]<UL><LI><a href="#[1a0]">&gt;&gt;</a>&nbsp;&nbsp;&nbsp;GUI_GetCharDistX
</UL>
<BR>[Address Reference Count : 1]<UL><LI> unicodeex.o(.constdata)
</UL>
<P><STRONG><a name="[dd]"></a>_GetLineLen</STRONG> (Thumb, 26 bytes, Stack size 0 bytes, unicodeex.o(i._GetLineLen))
<BR>[Address Reference Count : 1]<UL><LI> unicodeex.o(.constdata)
</UL>
<P><STRONG><a name="[531]"></a>_fp_digits</STRONG> (Thumb, 334 bytes, Stack size 0 bytes, printfa.o(i._fp_digits), UNUSED)
<BR><BR>[Calls]<UL><LI><a href="#[ef]">&gt;&gt;</a>&nbsp;&nbsp;&nbsp;__aeabi_dadd
<LI><a href="#[133]">&gt;&gt;</a>&nbsp;&nbsp;&nbsp;__aeabi_cdrcmple
<LI><a href="#[f6]">&gt;&gt;</a>&nbsp;&nbsp;&nbsp;__aeabi_dmul
<LI><a href="#[fb]">&gt;&gt;</a>&nbsp;&nbsp;&nbsp;__aeabi_ddiv
<LI><a href="#[100]">&gt;&gt;</a>&nbsp;&nbsp;&nbsp;__aeabi_uldivmod
<LI><a href="#[107]">&gt;&gt;</a>&nbsp;&nbsp;&nbsp;__aeabi_d2ulz
</UL>
<BR>[Called By]<UL><LI><a href="#[52f]">&gt;&gt;</a>&nbsp;&nbsp;&nbsp;_printf_core
</UL>

<P><STRONG><a name="[52f]"></a>_printf_core</STRONG> (Thumb, 1744 bytes, Stack size 0 bytes, printfa.o(i._printf_core), UNUSED)
<BR><BR>[Calls]<UL><LI><a href="#[100]">&gt;&gt;</a>&nbsp;&nbsp;&nbsp;__aeabi_uldivmod
<LI><a href="#[534]">&gt;&gt;</a>&nbsp;&nbsp;&nbsp;__aeabi_uidivmod
<LI><a href="#[532]">&gt;&gt;</a>&nbsp;&nbsp;&nbsp;_printf_pre_padding
<LI><a href="#[533]">&gt;&gt;</a>&nbsp;&nbsp;&nbsp;_printf_post_padding
<LI><a href="#[531]">&gt;&gt;</a>&nbsp;&nbsp;&nbsp;_fp_digits
</UL>
<BR>[Called By]<UL><LI><a href="#[530]">&gt;&gt;</a>&nbsp;&nbsp;&nbsp;__0vsprintf
<LI><a href="#[52e]">&gt;&gt;</a>&nbsp;&nbsp;&nbsp;__0sprintf
</UL>

<P><STRONG><a name="[533]"></a>_printf_post_padding</STRONG> (Thumb, 36 bytes, Stack size 0 bytes, printfa.o(i._printf_post_padding), UNUSED)
<BR><BR>[Called By]<UL><LI><a href="#[52f]">&gt;&gt;</a>&nbsp;&nbsp;&nbsp;_printf_core
</UL>

<P><STRONG><a name="[532]"></a>_printf_pre_padding</STRONG> (Thumb, 46 bytes, Stack size 0 bytes, printfa.o(i._printf_pre_padding), UNUSED)
<BR><BR>[Called By]<UL><LI><a href="#[52f]">&gt;&gt;</a>&nbsp;&nbsp;&nbsp;_printf_core
</UL>

<P><STRONG><a name="[8f]"></a>_sputc</STRONG> (Thumb, 10 bytes, Stack size 0 bytes, printfa.o(i._sputc))
<BR><BR>[Called By]<UL><LI><a href="#[530]">&gt;&gt;</a>&nbsp;&nbsp;&nbsp;__0vsprintf
<LI><a href="#[52e]">&gt;&gt;</a>&nbsp;&nbsp;&nbsp;__0sprintf
</UL>
<BR>[Address Reference Count : 2]<UL><LI> printfa.o(i.__0sprintf)
<LI> printfa.o(i.__0vsprintf)
</UL>
<P><STRONG><a name="[102]"></a>_local_sscanf</STRONG> (Thumb, 54 bytes, Stack size 0 bytes, strtod.o(.text))
<BR><BR>[Calls]<UL><LI><a href="#[103]">&gt;&gt;</a>&nbsp;&nbsp;&nbsp;_scanf_real
</UL>
<BR>[Called By]<UL><LI><a href="#[104]">&gt;&gt;</a>&nbsp;&nbsp;&nbsp;__strtod_int
</UL>

<P><STRONG><a name="[109]"></a>_fp_value</STRONG> (Thumb, 256 bytes, Stack size 0 bytes, scanf_fp.o(.text), UNUSED)
<BR><BR>[Calls]<UL><LI><a href="#[f6]">&gt;&gt;</a>&nbsp;&nbsp;&nbsp;__aeabi_dmul
<LI><a href="#[fb]">&gt;&gt;</a>&nbsp;&nbsp;&nbsp;__aeabi_ddiv
<LI><a href="#[10a]">&gt;&gt;</a>&nbsp;&nbsp;&nbsp;__aeabi_ul2d
</UL>
<BR>[Called By]<UL><LI><a href="#[10b]">&gt;&gt;</a>&nbsp;&nbsp;&nbsp;_scanf_really_real
</UL>
<P>
<H3>
Undefined Global Symbols
</H3><HR></body></html>
